Return-Path: <linux-xfs+bounces-8747-lists+linux-xfs=lfdr.de@vger.kernel.org>
X-Original-To: lists+linux-xfs@lfdr.de
Delivered-To: lists+linux-xfs@lfdr.de
Received: from sv.mirrors.kernel.org (sv.mirrors.kernel.org [IPv6:2604:1380:45e3:2400::1])
	by mail.lfdr.de (Postfix) with ESMTPS id 8B3878D54D3
	for <lists+linux-xfs@lfdr.de>; Thu, 30 May 2024 23:49:41 +0200 (CEST)
Received: from smtp.subspace.kernel.org (wormhole.subspace.kernel.org [52.25.139.140])
	(using TLSv1.2 with cipher ECDHE-RSA-AES256-GCM-SHA384 (256/256 bits))
	(No client certificate requested)
	by sv.mirrors.kernel.org (Postfix) with ESMTPS id 4148A2862DC
	for <lists+linux-xfs@lfdr.de>; Thu, 30 May 2024 21:49:40 +0000 (UTC)
Received: from localhost.localdomain (localhost.localdomain [127.0.0.1])
	by smtp.subspace.kernel.org (Postfix) with ESMTP id 6A3D0183977;
	Thu, 30 May 2024 21:48:06 +0000 (UTC)
Authentication-Results: smtp.subspace.kernel.org;
	dkim=pass (2048-bit key) header.d=infradead.org header.i=@infradead.org header.b="E4vik3RX"
X-Original-To: linux-xfs@vger.kernel.org
Received: from bombadil.infradead.org (bombadil.infradead.org [198.137.202.133])
	(using TLSv1.2 with cipher ECDHE-RSA-AES256-GCM-SHA384 (256/256 bits))
	(No client certificate requested)
	by smtp.subspace.kernel.org (Postfix) with ESMTPS id 6F9792E85A
	for <linux-xfs@vger.kernel.org>; Thu, 30 May 2024 21:47:54 +0000 (UTC)
Authentication-Results: smtp.subspace.kernel.org; arc=none smtp.client-ip=198.137.202.133
ARC-Seal:i=1; a=rsa-sha256; d=subspace.kernel.org; s=arc-20240116;
	t=1717105686; cv=none; b=UHh+n99jflJi7c96yjHntEBG40gBg/BAZwbDQrCQ1XoQeyD/tEIWWHIEZZO1QnKcQxfEjyYds8WOCrbwfFmbQcfAphHp7n5TUGEeIp0t8bBH7MLpW/BTC8qbItvyLjwxMkUlA1m6r8OlBvOrqmqGuo7XKxEuXbiPQwoux9fqw+w=
ARC-Message-Signature:i=1; a=rsa-sha256; d=subspace.kernel.org;
	s=arc-20240116; t=1717105686; c=relaxed/simple;
	bh=i95T01QtiowFmsGRxJ8JW4FxhPLN10T0U1jR728eYwc=;
	h=Date:From:To:Cc:Subject:Message-ID:MIME-Version:Content-Type:
	 Content-Disposition; b=PyHypJpny6U8nKCA1V5kMHQGlLGrkDm9xn2vxfVM2sxe9/DpfNhyhgng1TXwQX7V3B2vTk81B5c2whL2BrhvzbUVOg55G+ecK+l9tc9psWauYamMFSgF5q2SKWzzQZJBwsZ4NJLmaetPiow5BBYxDhqff9aR/Cf98CfBDvqHBH4=
ARC-Authentication-Results:i=1; smtp.subspace.kernel.org; dmarc=fail (p=none dis=none) header.from=kernel.org; spf=none smtp.mailfrom=infradead.org; dkim=pass (2048-bit key) header.d=infradead.org header.i=@infradead.org header.b=E4vik3RX; arc=none smtp.client-ip=198.137.202.133
Authentication-Results: smtp.subspace.kernel.org; dmarc=fail (p=none dis=none) header.from=kernel.org
Authentication-Results: smtp.subspace.kernel.org; spf=none smtp.mailfrom=infradead.org
DKIM-Signature: v=1; a=rsa-sha256; q=dns/txt; c=relaxed/relaxed;
	d=infradead.org; s=bombadil.20210309; h=Sender:Content-Type:MIME-Version:
	Message-ID:Subject:Cc:To:From:Date:Reply-To:Content-Transfer-Encoding:
	Content-ID:Content-Description:In-Reply-To:References;
	bh=H1A0vMSpGdO0bO00koUPDMIDHPrEuD8Nlg3FfqYzPDc=; b=E4vik3RXyGkRZi4/+ZLRP5ij52
	Rc4890Mq2C7fUnNsPkF8uOFLT45Or65hLAxj577Yo9qr0HnnZEimxUnuYdHMAjdLcdK0m0sEKsHui
	gpPwLYH+g0c+u3T2/zPh7mTty0XXzLj3fCUPhz0FpTdZCgomGpXClUz9u7mdXhzW+c+CWQGnovKGQ
	aiwQT+7jzjaTQJI2LjcRLLDzdbuspxore2WV/l1FEIJjwm7CWJAWq+7VZ4Euw8hKSeV3wt+ukGnWV
	gChLiPPZ3Kg/zjDvQuFzsHPeeAktcWDDAx/8fShSuLM+ySGydLY73EmcPLY2ifgorTaxBGecLK33w
	fSXc70QA==;
Received: from mcgrof by bombadil.infradead.org with local (Exim 4.97.1 #2 (Red Hat Linux))
	id 1sCncm-00000008VV8-3Wb5;
	Thu, 30 May 2024 21:47:52 +0000
Date: Thu, 30 May 2024 14:47:52 -0700
From: Luis Chamberlain <mcgrof@kernel.org>
To: linux-xfs@vger.kernel.org
Cc: surenb@google.com, kent.overstreet@linux.dev, linux-mm@kvack.org,
	david@fromorbit.com
Subject: allocation tagging splats xfs generic/531
Message-ID: <Zlj0CNam_zIuJuB6@bombadil.infradead.org>
Precedence: bulk
X-Mailing-List: linux-xfs@vger.kernel.org
List-Id: <linux-xfs.vger.kernel.org>
List-Subscribe: <mailto:linux-xfs+subscribe@vger.kernel.org>
List-Unsubscribe: <mailto:linux-xfs+unsubscribe@vger.kernel.org>
MIME-Version: 1.0
Content-Type: text/plain; charset=us-ascii
Content-Disposition: inline
Sender: Luis Chamberlain <mcgrof@infradead.org>

In trying to help reproduce a generic/531 kernel bug I decided to enable
KASAN and then memory allocation tagging. Running the test immediately
produces a splat with kmem_cache_free() with memory allocation tagging.
But given the boot also produces other ones even on bootup on rcu core
is this known? Are these real isues? What's going on?

  Luis

May 30 11:10:09 linus-xfs-crc kernel: Linux version 6.10.0-rc1 (mcgrof@tumadreentangaroja) (gcc (Debian 13.2.0-23) 13.2.0, GNU ld (GNU Binutils for Debian) 2.42) #3 SMP PREEMPT_DYNAMIC Thu May 30 10:47:03 PDT 2024
May 30 11:10:09 linus-xfs-crc kernel: Command line: BOOT_IMAGE=/boot/vmlinuz-6.10.0-rc1 root=UUID=ddf91058-656c-4606-806a-8a4a9d31676c ro console=tty0 console=tty1 console=ttyS0,115200n8 console=ttyS0,115200n8
May 30 11:10:09 linus-xfs-crc kernel: x86/split lock detection: #DB: warning on user-space bus_locks
May 30 11:10:09 linus-xfs-crc kernel: BIOS-provided physical RAM map:
May 30 11:10:09 linus-xfs-crc kernel: BIOS-e820: [mem 0x0000000000000000-0x000000000009fbff] usable
May 30 11:10:09 linus-xfs-crc kernel: BIOS-e820: [mem 0x000000000009fc00-0x000000000009ffff] reserved
May 30 11:10:09 linus-xfs-crc kernel: BIOS-e820: [mem 0x00000000000f0000-0x00000000000fffff] reserved
May 30 11:10:09 linus-xfs-crc kernel: BIOS-e820: [mem 0x0000000000100000-0x000000007ffdbfff] usable
May 30 11:10:09 linus-xfs-crc kernel: BIOS-e820: [mem 0x000000007ffdc000-0x000000007fffffff] reserved
May 30 11:10:09 linus-xfs-crc kernel: BIOS-e820: [mem 0x00000000b0000000-0x00000000bfffffff] reserved
May 30 11:10:09 linus-xfs-crc kernel: BIOS-e820: [mem 0x00000000fed1c000-0x00000000fed1ffff] reserved
May 30 11:10:09 linus-xfs-crc kernel: BIOS-e820: [mem 0x00000000feffc000-0x00000000feffffff] reserved
May 30 11:10:09 linus-xfs-crc kernel: BIOS-e820: [mem 0x00000000fffc0000-0x00000000ffffffff] reserved
May 30 11:10:09 linus-xfs-crc kernel: BIOS-e820: [mem 0x0000000100000000-0x000000017fffffff] usable
May 30 11:10:09 linus-xfs-crc kernel: NX (Execute Disable) protection: active
May 30 11:10:09 linus-xfs-crc kernel: APIC: Static calls initialized
May 30 11:10:09 linus-xfs-crc kernel: SMBIOS 3.0.0 present.
May 30 11:10:09 linus-xfs-crc kernel: DMI: QEMU Standard PC (Q35 + ICH9, 2009), BIOS 1.16.3-debian-1.16.3-2 04/01/2014
May 30 11:10:09 linus-xfs-crc kernel: DMI: Memory slots populated: 1/1
May 30 11:10:09 linus-xfs-crc kernel: Hypervisor detected: KVM
May 30 11:10:09 linus-xfs-crc kernel: kvm-clock: Using msrs 4b564d01 and 4b564d00
May 30 11:10:09 linus-xfs-crc kernel: kvm-clock: using sched offset of 2144875724032230 cycles
May 30 11:10:09 linus-xfs-crc kernel: clocksource: kvm-clock: mask: 0xffffffffffffffff max_cycles: 0x1cd42e4dffb, max_idle_ns: 881590591483 ns
May 30 11:10:09 linus-xfs-crc kernel: tsc: Detected 2000.000 MHz processor
May 30 11:10:09 linus-xfs-crc kernel: e820: update [mem 0x00000000-0x00000fff] usable ==> reserved
May 30 11:10:09 linus-xfs-crc kernel: e820: remove [mem 0x000a0000-0x000fffff] usable
May 30 11:10:09 linus-xfs-crc kernel: last_pfn = 0x180000 max_arch_pfn = 0x400000000
May 30 11:10:09 linus-xfs-crc kernel: MTRR map: 4 entries (3 fixed + 1 variable; max 19), built from 8 variable MTRRs
May 30 11:10:09 linus-xfs-crc kernel: x86/PAT: Configuration [0-7]: WB  WC  UC- UC  WB  WP  UC- WT  
May 30 11:10:09 linus-xfs-crc kernel: last_pfn = 0x7ffdc max_arch_pfn = 0x400000000
May 30 11:10:09 linus-xfs-crc kernel: found SMP MP-table at [mem 0x000f53e0-0x000f53ef]
May 30 11:10:09 linus-xfs-crc kernel: Using GB pages for direct mapping
May 30 11:10:09 linus-xfs-crc kernel: RAMDISK: [mem 0x28ad7000-0x30562fff]
May 30 11:10:09 linus-xfs-crc kernel: ACPI: Early table checksum verification disabled
May 30 11:10:09 linus-xfs-crc kernel: ACPI: RSDP 0x00000000000F53A0 000014 (v00 BOCHS )
May 30 11:10:09 linus-xfs-crc kernel: ACPI: RSDT 0x000000007FFE2CE9 000034 (v01 BOCHS  BXPC     00000001 BXPC 00000001)
May 30 11:10:09 linus-xfs-crc kernel: ACPI: FACP 0x000000007FFE2AE1 0000F4 (v03 BOCHS  BXPC     00000001 BXPC 00000001)
May 30 11:10:09 linus-xfs-crc kernel: ACPI: DSDT 0x000000007FFDFC80 002E61 (v01 BOCHS  BXPC     00000001 BXPC 00000001)
May 30 11:10:09 linus-xfs-crc kernel: ACPI: FACS 0x000000007FFDFC40 000040
May 30 11:10:09 linus-xfs-crc kernel: ACPI: APIC 0x000000007FFE2BD5 0000B0 (v03 BOCHS  BXPC     00000001 BXPC 00000001)
May 30 11:10:09 linus-xfs-crc kernel: ACPI: MCFG 0x000000007FFE2C85 00003C (v01 BOCHS  BXPC     00000001 BXPC 00000001)
May 30 11:10:09 linus-xfs-crc kernel: ACPI: WAET 0x000000007FFE2CC1 000028 (v01 BOCHS  BXPC     00000001 BXPC 00000001)
May 30 11:10:09 linus-xfs-crc kernel: ACPI: Reserving FACP table memory at [mem 0x7ffe2ae1-0x7ffe2bd4]
May 30 11:10:09 linus-xfs-crc kernel: ACPI: Reserving DSDT table memory at [mem 0x7ffdfc80-0x7ffe2ae0]
May 30 11:10:09 linus-xfs-crc kernel: ACPI: Reserving FACS table memory at [mem 0x7ffdfc40-0x7ffdfc7f]
May 30 11:10:09 linus-xfs-crc kernel: ACPI: Reserving APIC table memory at [mem 0x7ffe2bd5-0x7ffe2c84]
May 30 11:10:09 linus-xfs-crc kernel: ACPI: Reserving MCFG table memory at [mem 0x7ffe2c85-0x7ffe2cc0]
May 30 11:10:09 linus-xfs-crc kernel: ACPI: Reserving WAET table memory at [mem 0x7ffe2cc1-0x7ffe2ce8]
May 30 11:10:09 linus-xfs-crc kernel: No NUMA configuration found
May 30 11:10:09 linus-xfs-crc kernel: Faking a node at [mem 0x0000000000000000-0x000000017fffffff]
May 30 11:10:09 linus-xfs-crc kernel: NODE_DATA(0) allocated [mem 0x17fffa000-0x17fffffff]
May 30 11:10:09 linus-xfs-crc kernel: Zone ranges:
May 30 11:10:09 linus-xfs-crc kernel:   DMA      [mem 0x0000000000001000-0x0000000000ffffff]
May 30 11:10:09 linus-xfs-crc kernel:   DMA32    [mem 0x0000000001000000-0x00000000ffffffff]
May 30 11:10:09 linus-xfs-crc kernel:   Normal   [mem 0x0000000100000000-0x000000017fffffff]
May 30 11:10:09 linus-xfs-crc kernel:   Device   empty
May 30 11:10:09 linus-xfs-crc kernel: Movable zone start for each node
May 30 11:10:09 linus-xfs-crc kernel: Early memory node ranges
May 30 11:10:09 linus-xfs-crc kernel:   node   0: [mem 0x0000000000001000-0x000000000009efff]
May 30 11:10:09 linus-xfs-crc kernel:   node   0: [mem 0x0000000000100000-0x000000007ffdbfff]
May 30 11:10:09 linus-xfs-crc kernel:   node   0: [mem 0x0000000100000000-0x000000017fffffff]
May 30 11:10:09 linus-xfs-crc kernel: Initmem setup node 0 [mem 0x0000000000001000-0x000000017fffffff]
May 30 11:10:09 linus-xfs-crc kernel: On node 0, zone DMA: 1 pages in unavailable ranges
May 30 11:10:09 linus-xfs-crc kernel: On node 0, zone DMA: 97 pages in unavailable ranges
May 30 11:10:09 linus-xfs-crc kernel: On node 0, zone Normal: 36 pages in unavailable ranges
May 30 11:10:09 linus-xfs-crc kernel: kasan: KernelAddressSanitizer initialized
May 30 11:10:09 linus-xfs-crc kernel: ACPI: PM-Timer IO Port: 0x608
May 30 11:10:09 linus-xfs-crc kernel: ACPI: LAPIC_NMI (acpi_id[0xff] dfl dfl lint[0x1])
May 30 11:10:09 linus-xfs-crc kernel: IOAPIC[0]: apic_id 0, version 17, address 0xfec00000, GSI 0-23
May 30 11:10:09 linus-xfs-crc kernel: ACPI: INT_SRC_OVR (bus 0 bus_irq 0 global_irq 2 dfl dfl)
May 30 11:10:09 linus-xfs-crc kernel: ACPI: INT_SRC_OVR (bus 0 bus_irq 5 global_irq 5 high level)
May 30 11:10:09 linus-xfs-crc kernel: ACPI: INT_SRC_OVR (bus 0 bus_irq 9 global_irq 9 high level)
May 30 11:10:09 linus-xfs-crc kernel: ACPI: INT_SRC_OVR (bus 0 bus_irq 10 global_irq 10 high level)
May 30 11:10:09 linus-xfs-crc kernel: ACPI: INT_SRC_OVR (bus 0 bus_irq 11 global_irq 11 high level)
May 30 11:10:09 linus-xfs-crc kernel: ACPI: Using ACPI (MADT) for SMP configuration information
May 30 11:10:09 linus-xfs-crc kernel: TSC deadline timer available
May 30 11:10:09 linus-xfs-crc kernel: CPU topo: Max. logical packages:   8
May 30 11:10:09 linus-xfs-crc kernel: CPU topo: Max. logical dies:       8
May 30 11:10:09 linus-xfs-crc kernel: CPU topo: Max. dies per package:   1
May 30 11:10:09 linus-xfs-crc kernel: CPU topo: Max. threads per core:   1
May 30 11:10:09 linus-xfs-crc kernel: CPU topo: Num. cores per package:     1
May 30 11:10:09 linus-xfs-crc kernel: CPU topo: Num. threads per package:   1
May 30 11:10:09 linus-xfs-crc kernel: CPU topo: Allowing 8 present CPUs plus 0 hotplug CPUs
May 30 11:10:09 linus-xfs-crc kernel: kvm-guest: APIC: eoi() replaced with kvm_guest_apic_eoi_write()
May 30 11:10:09 linus-xfs-crc kernel: kvm-guest: KVM setup pv remote TLB flush
May 30 11:10:09 linus-xfs-crc kernel: kvm-guest: setup PV sched yield
May 30 11:10:09 linus-xfs-crc kernel: PM: hibernation: Registered nosave memory: [mem 0x00000000-0x00000fff]
May 30 11:10:09 linus-xfs-crc kernel: PM: hibernation: Registered nosave memory: [mem 0x0009f000-0x0009ffff]
May 30 11:10:09 linus-xfs-crc kernel: PM: hibernation: Registered nosave memory: [mem 0x000a0000-0x000effff]
May 30 11:10:09 linus-xfs-crc kernel: PM: hibernation: Registered nosave memory: [mem 0x000f0000-0x000fffff]
May 30 11:10:09 linus-xfs-crc kernel: PM: hibernation: Registered nosave memory: [mem 0x7ffdc000-0x7fffffff]
May 30 11:10:09 linus-xfs-crc kernel: PM: hibernation: Registered nosave memory: [mem 0x80000000-0xafffffff]
May 30 11:10:09 linus-xfs-crc kernel: PM: hibernation: Registered nosave memory: [mem 0xb0000000-0xbfffffff]
May 30 11:10:09 linus-xfs-crc kernel: PM: hibernation: Registered nosave memory: [mem 0xc0000000-0xfed1bfff]
May 30 11:10:09 linus-xfs-crc kernel: PM: hibernation: Registered nosave memory: [mem 0xfed1c000-0xfed1ffff]
May 30 11:10:09 linus-xfs-crc kernel: PM: hibernation: Registered nosave memory: [mem 0xfed20000-0xfeffbfff]
May 30 11:10:09 linus-xfs-crc kernel: PM: hibernation: Registered nosave memory: [mem 0xfeffc000-0xfeffffff]
May 30 11:10:09 linus-xfs-crc kernel: PM: hibernation: Registered nosave memory: [mem 0xff000000-0xfffbffff]
May 30 11:10:09 linus-xfs-crc kernel: PM: hibernation: Registered nosave memory: [mem 0xfffc0000-0xffffffff]
May 30 11:10:09 linus-xfs-crc kernel: [mem 0xc0000000-0xfed1bfff] available for PCI devices
May 30 11:10:09 linus-xfs-crc kernel: Booting paravirtualized kernel on KVM
May 30 11:10:09 linus-xfs-crc kernel: clocksource: refined-jiffies: mask: 0xffffffff max_cycles: 0xffffffff, max_idle_ns: 7645519600211568 ns
May 30 11:10:09 linus-xfs-crc kernel: setup_percpu: NR_CPUS:512 nr_cpumask_bits:8 nr_cpu_ids:8 nr_node_ids:1
May 30 11:10:09 linus-xfs-crc kernel: percpu: Embedded 551 pages/cpu s2159080 r65536 d32280 u4194304
May 30 11:10:09 linus-xfs-crc kernel: pcpu-alloc: s2159080 r65536 d32280 u4194304 alloc=2*2097152
May 30 11:10:09 linus-xfs-crc kernel: pcpu-alloc: [0] 0 [0] 1 [0] 2 [0] 3 [0] 4 [0] 5 [0] 6 [0] 7 
May 30 11:10:09 linus-xfs-crc kernel: kvm-guest: PV spinlocks enabled
May 30 11:10:09 linus-xfs-crc kernel: PV qspinlock hash table entries: 256 (order: 0, 4096 bytes, linear)
May 30 11:10:09 linus-xfs-crc kernel: Kernel command line: BOOT_IMAGE=/boot/vmlinuz-6.10.0-rc1 root=UUID=ddf91058-656c-4606-806a-8a4a9d31676c ro console=tty0 console=tty1 console=ttyS0,115200n8 console=ttyS0,115200n8
May 30 11:10:09 linus-xfs-crc kernel: Unknown kernel command line parameters "BOOT_IMAGE=/boot/vmlinuz-6.10.0-rc1", will be passed to user space.
May 30 11:10:09 linus-xfs-crc kernel: random: crng init done
May 30 11:10:09 linus-xfs-crc kernel: Dentry cache hash table entries: 524288 (order: 10, 4194304 bytes, linear)
May 30 11:10:09 linus-xfs-crc kernel: Inode-cache hash table entries: 262144 (order: 9, 2097152 bytes, linear)
May 30 11:10:09 linus-xfs-crc kernel: Fallback order for Node 0: 0 
May 30 11:10:09 linus-xfs-crc kernel: Built 1 zonelists, mobility grouping on.  Total pages: 1048442
May 30 11:10:09 linus-xfs-crc kernel: Policy zone: Normal
May 30 11:10:09 linus-xfs-crc kernel: mem auto-init: stack:off, heap alloc:off, heap free:off, mlocked free:off
May 30 11:10:09 linus-xfs-crc kernel: stackdepot: allocating hash table via alloc_large_system_hash
May 30 11:10:09 linus-xfs-crc kernel: stackdepot hash table entries: 1048576 (order: 12, 16777216 bytes, linear)
May 30 11:10:09 linus-xfs-crc kernel: software IO TLB: area num 8.
May 30 11:10:09 linus-xfs-crc kernel: Memory: 3271380K/4193768K available (38912K kernel code, 7857K rwdata, 9948K rodata, 7768K init, 16704K bss, 922132K reserved, 0K cma-reserved)
May 30 11:10:09 linus-xfs-crc kernel: SLUB: HWalign=64, Order=0-3, MinObjects=0, CPUs=8, Nodes=1
May 30 11:10:09 linus-xfs-crc kernel: allocated 8388608 bytes of page_ext
May 30 11:10:09 linus-xfs-crc kernel: ftrace: allocating 41242 entries in 162 pages
May 30 11:10:09 linus-xfs-crc kernel: ftrace: allocated 162 pages with 3 groups
May 30 11:10:09 linus-xfs-crc kernel: Dynamic Preempt: full
May 30 11:10:09 linus-xfs-crc kernel: Running RCU self tests
May 30 11:10:09 linus-xfs-crc kernel: Running RCU synchronous self tests
May 30 11:10:09 linus-xfs-crc kernel: rcu: Preemptible hierarchical RCU implementation.
May 30 11:10:09 linus-xfs-crc kernel: rcu:         RCU lockdep checking is enabled.
May 30 11:10:09 linus-xfs-crc kernel: rcu:         RCU restricting CPUs from NR_CPUS=512 to nr_cpu_ids=8.
May 30 11:10:09 linus-xfs-crc kernel:         Trampoline variant of Tasks RCU enabled.
May 30 11:10:09 linus-xfs-crc kernel:         Rude variant of Tasks RCU enabled.
May 30 11:10:09 linus-xfs-crc kernel:         Tracing variant of Tasks RCU enabled.
May 30 11:10:09 linus-xfs-crc kernel: rcu: RCU calculated value of scheduler-enlistment delay is 25 jiffies.
May 30 11:10:09 linus-xfs-crc kernel: rcu: Adjusting geometry for rcu_fanout_leaf=16, nr_cpu_ids=8
May 30 11:10:09 linus-xfs-crc kernel: Running RCU synchronous self tests
May 30 11:10:09 linus-xfs-crc kernel: RCU Tasks: Setting shift to 3 and lim to 1 rcu_task_cb_adjust=1.
May 30 11:10:09 linus-xfs-crc kernel: RCU Tasks Rude: Setting shift to 3 and lim to 1 rcu_task_cb_adjust=1.
May 30 11:10:09 linus-xfs-crc kernel: RCU Tasks Trace: Setting shift to 3 and lim to 1 rcu_task_cb_adjust=1.
May 30 11:10:09 linus-xfs-crc kernel: NR_IRQS: 33024, nr_irqs: 488, preallocated irqs: 16
May 30 11:10:09 linus-xfs-crc kernel: rcu: srcu_init: Setting srcu_struct sizes based on contention.
May 30 11:10:09 linus-xfs-crc kernel: Console: colour VGA+ 80x25
May 30 11:10:09 linus-xfs-crc kernel: printk: legacy console [tty0] enabled
May 30 11:10:09 linus-xfs-crc kernel: printk: legacy console [ttyS0] enabled
May 30 11:10:09 linus-xfs-crc kernel: Lock dependency validator: Copyright (c) 2006 Red Hat, Inc., Ingo Molnar
May 30 11:10:09 linus-xfs-crc kernel: ... MAX_LOCKDEP_SUBCLASSES:  8
May 30 11:10:09 linus-xfs-crc kernel: ... MAX_LOCK_DEPTH:          48
May 30 11:10:09 linus-xfs-crc kernel: ... MAX_LOCKDEP_KEYS:        8192
May 30 11:10:09 linus-xfs-crc kernel: ... CLASSHASH_SIZE:          4096
May 30 11:10:09 linus-xfs-crc kernel: ... MAX_LOCKDEP_ENTRIES:     32768
May 30 11:10:09 linus-xfs-crc kernel: ... MAX_LOCKDEP_CHAINS:      65536
May 30 11:10:09 linus-xfs-crc kernel: ... CHAINHASH_SIZE:          32768
May 30 11:10:09 linus-xfs-crc kernel:  memory used by lock dependency info: 6941 kB
May 30 11:10:09 linus-xfs-crc kernel:  memory used for stack traces: 4224 kB
May 30 11:10:09 linus-xfs-crc kernel:  per task-struct memory footprint: 2688 bytes
May 30 11:10:09 linus-xfs-crc kernel: ACPI: Core revision 20240322
May 30 11:10:09 linus-xfs-crc kernel: APIC: Switch to symmetric I/O mode setup
May 30 11:10:09 linus-xfs-crc kernel: x2apic enabled
May 30 11:10:09 linus-xfs-crc kernel: APIC: Switched APIC routing to: physical x2apic
May 30 11:10:09 linus-xfs-crc kernel: kvm-guest: APIC: send_IPI_mask() replaced with kvm_send_ipi_mask()
May 30 11:10:09 linus-xfs-crc kernel: kvm-guest: APIC: send_IPI_mask_allbutself() replaced with kvm_send_ipi_mask_allbutself()
May 30 11:10:09 linus-xfs-crc kernel: kvm-guest: setup PV IPIs
May 30 11:10:09 linus-xfs-crc kernel: clocksource: tsc-early: mask: 0xffffffffffffffff max_cycles: 0x39a85c9bff6, max_idle_ns: 881590591483 ns
May 30 11:10:09 linus-xfs-crc kernel: Calibrating delay loop (skipped) preset value.. 4000.00 BogoMIPS (lpj=8000000)
May 30 11:10:09 linus-xfs-crc kernel: x86/cpu: User Mode Instruction Prevention (UMIP) activated
May 30 11:10:09 linus-xfs-crc kernel: Last level iTLB entries: 4KB 0, 2MB 0, 4MB 0
May 30 11:10:09 linus-xfs-crc kernel: Last level dTLB entries: 4KB 0, 2MB 0, 4MB 0, 1GB 0
May 30 11:10:09 linus-xfs-crc kernel: Spectre V1 : Mitigation: usercopy/swapgs barriers and __user pointer sanitization
May 30 11:10:09 linus-xfs-crc kernel: Spectre V2 : WARNING: Unprivileged eBPF is enabled with eIBRS on, data leaks possible via Spectre v2 BHB attacks!
May 30 11:10:09 linus-xfs-crc kernel: Spectre V2 : Spectre BHI mitigation: SW BHB clearing on vm exit
May 30 11:10:09 linus-xfs-crc kernel: Spectre V2 : Spectre BHI mitigation: SW BHB clearing on syscall
May 30 11:10:09 linus-xfs-crc kernel: Spectre V2 : Mitigation: Enhanced / Automatic IBRS
May 30 11:10:09 linus-xfs-crc kernel: Spectre V2 : Spectre v2 / SpectreRSB mitigation: Filling RSB on context switch
May 30 11:10:09 linus-xfs-crc kernel: Spectre V2 : Spectre v2 / PBRSB-eIBRS: Retire a single CALL on VMEXIT
May 30 11:10:09 linus-xfs-crc kernel: Spectre V2 : mitigation: Enabling conditional Indirect Branch Prediction Barrier
May 30 11:10:09 linus-xfs-crc kernel: Speculative Store Bypass: Mitigation: Speculative Store Bypass disabled via prctl
May 30 11:10:09 linus-xfs-crc kernel: TAA: Mitigation: TSX disabled
May 30 11:10:09 linus-xfs-crc kernel: x86/fpu: Supporting XSAVE feature 0x001: 'x87 floating point registers'
May 30 11:10:09 linus-xfs-crc kernel: x86/fpu: Supporting XSAVE feature 0x002: 'SSE registers'
May 30 11:10:09 linus-xfs-crc kernel: x86/fpu: Supporting XSAVE feature 0x004: 'AVX registers'
May 30 11:10:09 linus-xfs-crc kernel: x86/fpu: Supporting XSAVE feature 0x020: 'AVX-512 opmask'
May 30 11:10:09 linus-xfs-crc kernel: x86/fpu: Supporting XSAVE feature 0x040: 'AVX-512 Hi256'
May 30 11:10:09 linus-xfs-crc kernel: x86/fpu: Supporting XSAVE feature 0x080: 'AVX-512 ZMM_Hi256'
May 30 11:10:09 linus-xfs-crc kernel: x86/fpu: Supporting XSAVE feature 0x200: 'Protection Keys User registers'
May 30 11:10:09 linus-xfs-crc kernel: x86/fpu: Supporting XSAVE feature 0x20000: 'AMX Tile config'
May 30 11:10:09 linus-xfs-crc kernel: x86/fpu: Supporting XSAVE feature 0x40000: 'AMX Tile data'
May 30 11:10:09 linus-xfs-crc kernel: x86/fpu: xstate_offset[2]:  576, xstate_sizes[2]:  256
May 30 11:10:09 linus-xfs-crc kernel: x86/fpu: xstate_offset[5]:  832, xstate_sizes[5]:   64
May 30 11:10:09 linus-xfs-crc kernel: x86/fpu: xstate_offset[6]:  896, xstate_sizes[6]:  512
May 30 11:10:09 linus-xfs-crc kernel: x86/fpu: xstate_offset[7]: 1408, xstate_sizes[7]: 1024
May 30 11:10:09 linus-xfs-crc kernel: x86/fpu: xstate_offset[9]: 2432, xstate_sizes[9]:    8
May 30 11:10:09 linus-xfs-crc kernel: x86/fpu: xstate_offset[17]: 2496, xstate_sizes[17]:   64
May 30 11:10:09 linus-xfs-crc kernel: x86/fpu: xstate_offset[18]: 2560, xstate_sizes[18]: 8192
May 30 11:10:09 linus-xfs-crc kernel: x86/fpu: Enabled xstate features 0x602e7, context size is 10752 bytes, using 'compacted' format.
May 30 11:10:09 linus-xfs-crc kernel: Freeing SMP alternatives memory: 36K
May 30 11:10:09 linus-xfs-crc kernel: pid_max: default: 32768 minimum: 301
May 30 11:10:09 linus-xfs-crc kernel: LSM: initializing lsm=capability,yama,apparmor,tomoyo
May 30 11:10:09 linus-xfs-crc kernel: Yama: becoming mindful.
May 30 11:10:09 linus-xfs-crc kernel: AppArmor: AppArmor initialized
May 30 11:10:09 linus-xfs-crc kernel: TOMOYO Linux initialized
May 30 11:10:09 linus-xfs-crc kernel: Mount-cache hash table entries: 8192 (order: 4, 65536 bytes, linear)
May 30 11:10:09 linus-xfs-crc kernel: Mountpoint-cache hash table entries: 8192 (order: 4, 65536 bytes, linear)
May 30 11:10:09 linus-xfs-crc kernel: Running RCU synchronous self tests
May 30 11:10:09 linus-xfs-crc kernel: Running RCU synchronous self tests
May 30 11:10:09 linus-xfs-crc kernel: smpboot: CPU0: Intel(R) Xeon(R) Gold 6438Y+ (family: 0x6, model: 0x8f, stepping: 0x8)
May 30 11:10:09 linus-xfs-crc kernel: Running RCU Tasks wait API self tests
May 30 11:10:09 linus-xfs-crc kernel: Running RCU Tasks Rude wait API self tests
May 30 11:10:09 linus-xfs-crc kernel: Running RCU Tasks Trace wait API self tests
May 30 11:10:09 linus-xfs-crc kernel: Performance Events: PEBS fmt4+-baseline, Sapphire Rapids events, full-width counters, Intel PMU driver.
May 30 11:10:09 linus-xfs-crc kernel: ... version:                2
May 30 11:10:09 linus-xfs-crc kernel: ... bit width:              48
May 30 11:10:09 linus-xfs-crc kernel: ... generic registers:      8
May 30 11:10:09 linus-xfs-crc kernel: ... value mask:             0000ffffffffffff
May 30 11:10:09 linus-xfs-crc kernel: ... max period:             00007fffffffffff
May 30 11:10:09 linus-xfs-crc kernel: ... fixed-purpose events:   3
May 30 11:10:09 linus-xfs-crc kernel: ... event mask:             00000007000000ff
May 30 11:10:09 linus-xfs-crc kernel: signal: max sigframe size: 11952
May 30 11:10:09 linus-xfs-crc kernel: Callback from call_rcu_tasks_trace() invoked.
May 30 11:10:09 linus-xfs-crc kernel: rcu: Hierarchical SRCU implementation.
May 30 11:10:09 linus-xfs-crc kernel: rcu:         Max phase no-delay instances is 1000.
May 30 11:10:09 linus-xfs-crc kernel: smp: Bringing up secondary CPUs ...
May 30 11:10:09 linus-xfs-crc kernel: smpboot: x86: Booting SMP configuration:
May 30 11:10:09 linus-xfs-crc kernel: .... node  #0, CPUs:      #1 #2 #3 #4 #5 #6 #7
May 30 11:10:09 linus-xfs-crc kernel: smp: Brought up 1 node, 8 CPUs
May 30 11:10:09 linus-xfs-crc kernel: smpboot: Total of 8 processors activated (32000.00 BogoMIPS)
May 30 11:10:09 linus-xfs-crc kernel: devtmpfs: initialized
May 30 11:10:09 linus-xfs-crc kernel: x86/mm: Memory block size: 128MB
May 30 11:10:09 linus-xfs-crc kernel: Running RCU synchronous self tests
May 30 11:10:09 linus-xfs-crc kernel: Running RCU synchronous self tests
May 30 11:10:09 linus-xfs-crc kernel: clocksource: jiffies: mask: 0xffffffff max_cycles: 0xffffffff, max_idle_ns: 7645041785100000 ns
May 30 11:10:09 linus-xfs-crc kernel: futex hash table entries: 2048 (order: 6, 262144 bytes, linear)
May 30 11:10:09 linus-xfs-crc kernel: pinctrl core: initialized pinctrl subsystem
May 30 11:10:09 linus-xfs-crc kernel: NET: Registered PF_NETLINK/PF_ROUTE protocol family
May 30 11:10:09 linus-xfs-crc kernel: audit: initializing netlink subsys (disabled)
May 30 11:10:09 linus-xfs-crc kernel: audit: type=2000 audit(1717092559.466:1): state=initialized audit_enabled=0 res=1
May 30 11:10:09 linus-xfs-crc kernel: thermal_sys: Registered thermal governor 'fair_share'
May 30 11:10:09 linus-xfs-crc kernel: thermal_sys: Registered thermal governor 'bang_bang'
May 30 11:10:09 linus-xfs-crc kernel: thermal_sys: Registered thermal governor 'step_wise'
May 30 11:10:09 linus-xfs-crc kernel: thermal_sys: Registered thermal governor 'user_space'
May 30 11:10:09 linus-xfs-crc kernel: cpuidle: using governor ladder
May 30 11:10:09 linus-xfs-crc kernel: cpuidle: using governor menu
May 30 11:10:09 linus-xfs-crc kernel: acpiphp: ACPI Hot Plug PCI Controller Driver version: 0.5
May 30 11:10:09 linus-xfs-crc kernel: PCI: ECAM [mem 0xb0000000-0xbfffffff] (base 0xb0000000) for domain 0000 [bus 00-ff]
May 30 11:10:09 linus-xfs-crc kernel: PCI: ECAM [mem 0xb0000000-0xbfffffff] reserved as E820 entry
May 30 11:10:09 linus-xfs-crc kernel: PCI: Using configuration type 1 for base access
May 30 11:10:09 linus-xfs-crc kernel: kprobes: kprobe jump-optimization is enabled. All kprobes are optimized if possible.
May 30 11:10:09 linus-xfs-crc kernel: Callback from call_rcu_tasks_rude() invoked.
May 30 11:10:09 linus-xfs-crc kernel: HugeTLB: registered 1.00 GiB page size, pre-allocated 0 pages
May 30 11:10:09 linus-xfs-crc kernel: HugeTLB: 16380 KiB vmemmap can be freed for a 1.00 GiB page
May 30 11:10:09 linus-xfs-crc kernel: HugeTLB: registered 2.00 MiB page size, pre-allocated 0 pages
May 30 11:10:09 linus-xfs-crc kernel: HugeTLB: 28 KiB vmemmap can be freed for a 2.00 MiB page
May 30 11:10:09 linus-xfs-crc kernel: Demotion targets for Node 0: null
May 30 11:10:09 linus-xfs-crc kernel: ACPI: Added _OSI(Module Device)
May 30 11:10:09 linus-xfs-crc kernel: ACPI: Added _OSI(Processor Device)
May 30 11:10:09 linus-xfs-crc kernel: ACPI: Added _OSI(3.0 _SCP Extensions)
May 30 11:10:09 linus-xfs-crc kernel: ACPI: Added _OSI(Processor Aggregator Device)
May 30 11:10:09 linus-xfs-crc kernel: Callback from call_rcu_tasks() invoked.
May 30 11:10:09 linus-xfs-crc kernel: ACPI: 1 ACPI AML tables successfully acquired and loaded
May 30 11:10:09 linus-xfs-crc kernel: ACPI: _OSC evaluation for CPUs failed, trying _PDC
May 30 11:10:09 linus-xfs-crc kernel: ACPI: Interpreter enabled
May 30 11:10:09 linus-xfs-crc kernel: ACPI: PM: (supports S0 S3 S4 S5)
May 30 11:10:09 linus-xfs-crc kernel: ACPI: Using IOAPIC for interrupt routing
May 30 11:10:09 linus-xfs-crc kernel: PCI: Using host bridge windows from ACPI; if necessary, use "pci=nocrs" and report a bug
May 30 11:10:09 linus-xfs-crc kernel: PCI: Using E820 reservations for host bridge windows
May 30 11:10:09 linus-xfs-crc kernel: ACPI: Enabled 2 GPEs in block 00 to 3F
May 30 11:10:09 linus-xfs-crc kernel: ACPI: PCI Root Bridge [PCI0] (domain 0000 [bus 00-1f])
May 30 11:10:09 linus-xfs-crc kernel: acpi PNP0A08:00: _OSC: OS supports [ExtendedConfig ASPM ClockPM Segments MSI HPX-Type3]
May 30 11:10:09 linus-xfs-crc kernel: acpi PNP0A08:00: _OSC: platform does not support [PCIeHotplug LTR]
May 30 11:10:09 linus-xfs-crc kernel: acpi PNP0A08:00: _OSC: OS now controls [SHPCHotplug PME AER PCIeCapability]
May 30 11:10:09 linus-xfs-crc kernel: PCI host bridge to bus 0000:00
May 30 11:10:09 linus-xfs-crc kernel: pci_bus 0000:00: root bus resource [io  0x0000-0x0cf7 window]
May 30 11:10:09 linus-xfs-crc kernel: pci_bus 0000:00: root bus resource [io  0x0d00-0xffff window]
May 30 11:10:09 linus-xfs-crc kernel: pci_bus 0000:00: root bus resource [mem 0x000a0000-0x000bffff window]
May 30 11:10:09 linus-xfs-crc kernel: pci_bus 0000:00: root bus resource [mem 0x80000000-0xafffffff window]
May 30 11:10:09 linus-xfs-crc kernel: pci_bus 0000:00: root bus resource [mem 0xc0000000-0xfc5fffff window]
May 30 11:10:09 linus-xfs-crc kernel: pci_bus 0000:00: root bus resource [mem 0xfce00000-0xfea0ffff window]
May 30 11:10:09 linus-xfs-crc kernel: pci_bus 0000:00: root bus resource [mem 0xfea14000-0xfebfffff window]
May 30 11:10:09 linus-xfs-crc kernel: pci_bus 0000:00: root bus resource [mem 0x382000000000-0x389000003fff window]
May 30 11:10:09 linus-xfs-crc kernel: pci_bus 0000:00: root bus resource [bus 00-1f]
May 30 11:10:09 linus-xfs-crc kernel: pci 0000:00:00.0: [8086:29c0] type 00 class 0x060000 conventional PCI endpoint
May 30 11:10:09 linus-xfs-crc kernel: pci 0000:00:01.0: [1b36:000c] type 01 class 0x060400 PCIe Root Port
May 30 11:10:09 linus-xfs-crc kernel: pci 0000:00:01.0: BAR 0 [mem 0xfea00000-0xfea00fff]
May 30 11:10:09 linus-xfs-crc kernel: pci 0000:00:01.0: PCI bridge to [bus 01]
May 30 11:10:09 linus-xfs-crc kernel: pci 0000:00:01.0:   bridge window [mem 0xfe800000-0xfe9fffff]
May 30 11:10:09 linus-xfs-crc kernel: pci 0000:00:01.0:   bridge window [mem 0x388800000000-0x388fffffffff 64bit pref]
May 30 11:10:09 linus-xfs-crc kernel: pci 0000:00:01.1: [1b36:000c] type 01 class 0x060400 PCIe Root Port
May 30 11:10:09 linus-xfs-crc kernel: pci 0000:00:01.1: BAR 0 [mem 0xfea01000-0xfea01fff]
May 30 11:10:09 linus-xfs-crc kernel: pci 0000:00:01.1: PCI bridge to [bus 02]
May 30 11:10:09 linus-xfs-crc kernel: pci 0000:00:01.1:   bridge window [mem 0xfe600000-0xfe7fffff]
May 30 11:10:09 linus-xfs-crc kernel: pci 0000:00:01.1:   bridge window [mem 0x388000000000-0x3887ffffffff 64bit pref]
May 30 11:10:09 linus-xfs-crc kernel: pci 0000:00:01.2: [1b36:000c] type 01 class 0x060400 PCIe Root Port
May 30 11:10:09 linus-xfs-crc kernel: pci 0000:00:01.2: BAR 0 [mem 0xfea02000-0xfea02fff]
May 30 11:10:09 linus-xfs-crc kernel: pci 0000:00:01.2: PCI bridge to [bus 03]
May 30 11:10:09 linus-xfs-crc kernel: pci 0000:00:01.2:   bridge window [mem 0xfe400000-0xfe5fffff]
May 30 11:10:09 linus-xfs-crc kernel: pci 0000:00:01.2:   bridge window [mem 0x387800000000-0x387fffffffff 64bit pref]
May 30 11:10:09 linus-xfs-crc kernel: pci 0000:00:01.3: [1b36:000c] type 01 class 0x060400 PCIe Root Port
May 30 11:10:09 linus-xfs-crc kernel: pci 0000:00:01.3: BAR 0 [mem 0xfea03000-0xfea03fff]
May 30 11:10:09 linus-xfs-crc kernel: pci 0000:00:01.3: PCI bridge to [bus 04]
May 30 11:10:09 linus-xfs-crc kernel: pci 0000:00:01.3:   bridge window [mem 0xfe200000-0xfe3fffff]
May 30 11:10:09 linus-xfs-crc kernel: pci 0000:00:01.3:   bridge window [mem 0x387000000000-0x3877ffffffff 64bit pref]
May 30 11:10:09 linus-xfs-crc kernel: pci 0000:00:01.4: [1b36:000c] type 01 class 0x060400 PCIe Root Port
May 30 11:10:09 linus-xfs-crc kernel: pci 0000:00:01.4: BAR 0 [mem 0xfea04000-0xfea04fff]
May 30 11:10:09 linus-xfs-crc kernel: pci 0000:00:01.4: PCI bridge to [bus 05]
May 30 11:10:09 linus-xfs-crc kernel: pci 0000:00:01.4:   bridge window [mem 0xfe000000-0xfe1fffff]
May 30 11:10:09 linus-xfs-crc kernel: pci 0000:00:01.4:   bridge window [mem 0x386800000000-0x386fffffffff 64bit pref]
May 30 11:10:09 linus-xfs-crc kernel: pci 0000:00:01.5: [1b36:000c] type 01 class 0x060400 PCIe Root Port
May 30 11:10:09 linus-xfs-crc kernel: pci 0000:00:01.5: BAR 0 [mem 0xfea05000-0xfea05fff]
May 30 11:10:09 linus-xfs-crc kernel: pci 0000:00:01.5: PCI bridge to [bus 06]
May 30 11:10:09 linus-xfs-crc kernel: pci 0000:00:01.5:   bridge window [mem 0xfde00000-0xfdffffff]
May 30 11:10:09 linus-xfs-crc kernel: pci 0000:00:01.5:   bridge window [mem 0x386000000000-0x3867ffffffff 64bit pref]
May 30 11:10:09 linus-xfs-crc kernel: pci 0000:00:01.6: [1b36:000c] type 01 class 0x060400 PCIe Root Port
May 30 11:10:09 linus-xfs-crc kernel: pci 0000:00:01.6: BAR 0 [mem 0xfea06000-0xfea06fff]
May 30 11:10:09 linus-xfs-crc kernel: pci 0000:00:01.6: PCI bridge to [bus 07]
May 30 11:10:09 linus-xfs-crc kernel: pci 0000:00:01.6:   bridge window [mem 0xfdc00000-0xfddfffff]
May 30 11:10:09 linus-xfs-crc kernel: pci 0000:00:01.6:   bridge window [mem 0x385800000000-0x385fffffffff 64bit pref]
May 30 11:10:09 linus-xfs-crc kernel: pci 0000:00:01.7: [1b36:000c] type 01 class 0x060400 PCIe Root Port
May 30 11:10:09 linus-xfs-crc kernel: pci 0000:00:01.7: BAR 0 [mem 0xfea07000-0xfea07fff]
May 30 11:10:09 linus-xfs-crc kernel: pci 0000:00:01.7: PCI bridge to [bus 08]
May 30 11:10:09 linus-xfs-crc kernel: pci 0000:00:01.7:   bridge window [mem 0xfda00000-0xfdbfffff]
May 30 11:10:09 linus-xfs-crc kernel: pci 0000:00:01.7:   bridge window [mem 0x385000000000-0x3857ffffffff 64bit pref]
May 30 11:10:09 linus-xfs-crc kernel: pci 0000:00:02.0: [1b36:000c] type 01 class 0x060400 PCIe Root Port
May 30 11:10:09 linus-xfs-crc kernel: pci 0000:00:02.0: BAR 0 [mem 0xfea08000-0xfea08fff]
May 30 11:10:09 linus-xfs-crc kernel: pci 0000:00:02.0: PCI bridge to [bus 09]
May 30 11:10:09 linus-xfs-crc kernel: pci 0000:00:02.0:   bridge window [mem 0xfd800000-0xfd9fffff]
May 30 11:10:09 linus-xfs-crc kernel: pci 0000:00:02.0:   bridge window [mem 0x384800000000-0x384fffffffff 64bit pref]
May 30 11:10:09 linus-xfs-crc kernel: pci 0000:00:02.1: [1b36:000c] type 01 class 0x060400 PCIe Root Port
May 30 11:10:09 linus-xfs-crc kernel: pci 0000:00:02.1: BAR 0 [mem 0xfea09000-0xfea09fff]
May 30 11:10:09 linus-xfs-crc kernel: pci 0000:00:02.1: PCI bridge to [bus 0a]
May 30 11:10:09 linus-xfs-crc kernel: pci 0000:00:02.1:   bridge window [mem 0xfd600000-0xfd7fffff]
May 30 11:10:09 linus-xfs-crc kernel: pci 0000:00:02.1:   bridge window [mem 0x384000000000-0x3847ffffffff 64bit pref]
May 30 11:10:09 linus-xfs-crc kernel: pci 0000:00:02.2: [1b36:000c] type 01 class 0x060400 PCIe Root Port
May 30 11:10:09 linus-xfs-crc kernel: pci 0000:00:02.2: BAR 0 [mem 0xfea0a000-0xfea0afff]
May 30 11:10:09 linus-xfs-crc kernel: pci 0000:00:02.2: PCI bridge to [bus 0b]
May 30 11:10:09 linus-xfs-crc kernel: pci 0000:00:02.2:   bridge window [mem 0xfd400000-0xfd5fffff]
May 30 11:10:09 linus-xfs-crc kernel: pci 0000:00:02.2:   bridge window [mem 0x383800000000-0x383fffffffff 64bit pref]
May 30 11:10:09 linus-xfs-crc kernel: pci 0000:00:02.3: [1b36:000c] type 01 class 0x060400 PCIe Root Port
May 30 11:10:09 linus-xfs-crc kernel: pci 0000:00:02.3: BAR 0 [mem 0xfea0b000-0xfea0bfff]
May 30 11:10:09 linus-xfs-crc kernel: pci 0000:00:02.3: PCI bridge to [bus 0c]
May 30 11:10:09 linus-xfs-crc kernel: pci 0000:00:02.3:   bridge window [mem 0xfd200000-0xfd3fffff]
May 30 11:10:09 linus-xfs-crc kernel: pci 0000:00:02.3:   bridge window [mem 0x383000000000-0x3837ffffffff 64bit pref]
May 30 11:10:09 linus-xfs-crc kernel: pci 0000:00:02.4: [1b36:000c] type 01 class 0x060400 PCIe Root Port
May 30 11:10:09 linus-xfs-crc kernel: pci 0000:00:02.4: BAR 0 [mem 0xfea0c000-0xfea0cfff]
May 30 11:10:09 linus-xfs-crc kernel: pci 0000:00:02.4: PCI bridge to [bus 0d]
May 30 11:10:09 linus-xfs-crc kernel: pci 0000:00:02.4:   bridge window [mem 0xfd000000-0xfd1fffff]
May 30 11:10:09 linus-xfs-crc kernel: pci 0000:00:02.4:   bridge window [mem 0x382800000000-0x382fffffffff 64bit pref]
May 30 11:10:09 linus-xfs-crc kernel: pci 0000:00:02.5: [1b36:000c] type 01 class 0x060400 PCIe Root Port
May 30 11:10:09 linus-xfs-crc kernel: pci 0000:00:02.5: BAR 0 [mem 0xfea0d000-0xfea0dfff]
May 30 11:10:09 linus-xfs-crc kernel: pci 0000:00:02.5: PCI bridge to [bus 0e]
May 30 11:10:09 linus-xfs-crc kernel: pci 0000:00:02.5:   bridge window [mem 0xfce00000-0xfcffffff]
May 30 11:10:09 linus-xfs-crc kernel: pci 0000:00:02.5:   bridge window [mem 0x382000000000-0x3827ffffffff 64bit pref]
May 30 11:10:09 linus-xfs-crc kernel: pci 0000:00:08.0: [1b36:000b] type 00 class 0x060000 conventional PCI endpoint
May 30 11:10:09 linus-xfs-crc kernel: pci 0000:00:10.0: [1af4:1009] type 00 class 0x000200 conventional PCI endpoint
May 30 11:10:09 linus-xfs-crc kernel: pci 0000:00:10.0: BAR 0 [io  0xc000-0xc03f]
May 30 11:10:09 linus-xfs-crc kernel: pci 0000:00:10.0: BAR 1 [mem 0xfea0e000-0xfea0efff]
May 30 11:10:09 linus-xfs-crc kernel: pci 0000:00:10.0: BAR 4 [mem 0x389000000000-0x389000003fff 64bit pref]
May 30 11:10:09 linus-xfs-crc kernel: pci 0000:00:1f.0: [8086:2918] type 00 class 0x060100 conventional PCI endpoint
May 30 11:10:09 linus-xfs-crc kernel: pci 0000:00:1f.0: quirk: [io  0x0600-0x067f] claimed by ICH6 ACPI/GPIO/TCO
May 30 11:10:09 linus-xfs-crc kernel: pci 0000:00:1f.2: [8086:2922] type 00 class 0x010601 conventional PCI endpoint
May 30 11:10:09 linus-xfs-crc kernel: pci 0000:00:1f.2: BAR 4 [io  0xc080-0xc09f]
May 30 11:10:09 linus-xfs-crc kernel: pci 0000:00:1f.2: BAR 5 [mem 0xfea0f000-0xfea0ffff]
May 30 11:10:09 linus-xfs-crc kernel: pci 0000:00:1f.3: [8086:2930] type 00 class 0x0c0500 conventional PCI endpoint
May 30 11:10:09 linus-xfs-crc kernel: pci 0000:00:1f.3: BAR 4 [io  0x0700-0x073f]
May 30 11:10:09 linus-xfs-crc kernel: acpiphp: Slot [0] registered
May 30 11:10:09 linus-xfs-crc kernel: pci 0000:01:00.0: [1af4:1041] type 00 class 0x020000 PCIe Endpoint
May 30 11:10:09 linus-xfs-crc kernel: pci 0000:01:00.0: BAR 1 [mem 0xfe840000-0xfe840fff]
May 30 11:10:09 linus-xfs-crc kernel: pci 0000:01:00.0: BAR 4 [mem 0x388800000000-0x388800003fff 64bit pref]
May 30 11:10:09 linus-xfs-crc kernel: pci 0000:01:00.0: ROM [mem 0xfe800000-0xfe83ffff pref]
May 30 11:10:09 linus-xfs-crc kernel: pci 0000:00:01.0: PCI bridge to [bus 01]
May 30 11:10:09 linus-xfs-crc kernel: acpiphp: Slot [0-2] registered
May 30 11:10:09 linus-xfs-crc kernel: pci 0000:02:00.0: [1b36:000d] type 00 class 0x0c0330 PCIe Endpoint
May 30 11:10:09 linus-xfs-crc kernel: pci 0000:02:00.0: BAR 0 [mem 0xfe600000-0xfe603fff 64bit]
May 30 11:10:09 linus-xfs-crc kernel: pci 0000:00:01.1: PCI bridge to [bus 02]
May 30 11:10:09 linus-xfs-crc kernel: acpiphp: Slot [0-3] registered
May 30 11:10:09 linus-xfs-crc kernel: pci 0000:03:00.0: [1af4:1043] type 00 class 0x078000 PCIe Endpoint
May 30 11:10:09 linus-xfs-crc kernel: pci 0000:03:00.0: BAR 1 [mem 0xfe400000-0xfe400fff]
May 30 11:10:09 linus-xfs-crc kernel: pci 0000:03:00.0: BAR 4 [mem 0x387800000000-0x387800003fff 64bit pref]
May 30 11:10:09 linus-xfs-crc kernel: pci 0000:00:01.2: PCI bridge to [bus 03]
May 30 11:10:09 linus-xfs-crc kernel: acpiphp: Slot [0-4] registered
May 30 11:10:09 linus-xfs-crc kernel: pci 0000:04:00.0: [1af4:1042] type 00 class 0x010000 PCIe Endpoint
May 30 11:10:09 linus-xfs-crc kernel: pci 0000:04:00.0: BAR 1 [mem 0xfe200000-0xfe200fff]
May 30 11:10:09 linus-xfs-crc kernel: pci 0000:04:00.0: BAR 4 [mem 0x387000000000-0x387000003fff 64bit pref]
May 30 11:10:09 linus-xfs-crc kernel: pci 0000:00:01.3: PCI bridge to [bus 04]
May 30 11:10:09 linus-xfs-crc kernel: acpiphp: Slot [0-5] registered
May 30 11:10:09 linus-xfs-crc kernel: pci 0000:05:00.0: [1af4:1045] type 00 class 0x00ff00 PCIe Endpoint
May 30 11:10:09 linus-xfs-crc kernel: pci 0000:05:00.0: BAR 4 [mem 0x386800000000-0x386800003fff 64bit pref]
May 30 11:10:09 linus-xfs-crc kernel: pci 0000:00:01.4: PCI bridge to [bus 05]
May 30 11:10:09 linus-xfs-crc kernel: acpiphp: Slot [0-6] registered
May 30 11:10:09 linus-xfs-crc kernel: pci 0000:06:00.0: [1af4:1044] type 00 class 0x00ff00 PCIe Endpoint
May 30 11:10:09 linus-xfs-crc kernel: pci 0000:06:00.0: BAR 1 [mem 0xfde00000-0xfde00fff]
May 30 11:10:09 linus-xfs-crc kernel: pci 0000:06:00.0: BAR 4 [mem 0x386000000000-0x386000003fff 64bit pref]
May 30 11:10:09 linus-xfs-crc kernel: pci 0000:00:01.5: PCI bridge to [bus 06]
May 30 11:10:09 linus-xfs-crc kernel: acpiphp: Slot [0-7] registered
May 30 11:10:09 linus-xfs-crc kernel: pci 0000:00:01.6: PCI bridge to [bus 07]
May 30 11:10:09 linus-xfs-crc kernel: acpiphp: Slot [0-8] registered
May 30 11:10:09 linus-xfs-crc kernel: pci 0000:00:01.7: PCI bridge to [bus 08]
May 30 11:10:09 linus-xfs-crc kernel: acpiphp: Slot [0-9] registered
May 30 11:10:09 linus-xfs-crc kernel: pci 0000:00:02.0: PCI bridge to [bus 09]
May 30 11:10:09 linus-xfs-crc kernel: acpiphp: Slot [0-10] registered
May 30 11:10:09 linus-xfs-crc kernel: pci 0000:00:02.1: PCI bridge to [bus 0a]
May 30 11:10:09 linus-xfs-crc kernel: acpiphp: Slot [0-11] registered
May 30 11:10:09 linus-xfs-crc kernel: pci 0000:00:02.2: PCI bridge to [bus 0b]
May 30 11:10:09 linus-xfs-crc kernel: acpiphp: Slot [0-12] registered
May 30 11:10:09 linus-xfs-crc kernel: pci 0000:00:02.3: PCI bridge to [bus 0c]
May 30 11:10:09 linus-xfs-crc kernel: acpiphp: Slot [0-13] registered
May 30 11:10:09 linus-xfs-crc kernel: pci 0000:00:02.4: PCI bridge to [bus 0d]
May 30 11:10:09 linus-xfs-crc kernel: acpiphp: Slot [0-14] registered
May 30 11:10:09 linus-xfs-crc kernel: pci 0000:00:02.5: PCI bridge to [bus 0e]
May 30 11:10:09 linus-xfs-crc kernel: ACPI: PCI: Interrupt link LNKA configured for IRQ 10
May 30 11:10:09 linus-xfs-crc kernel: ACPI: PCI: Interrupt link LNKB configured for IRQ 10
May 30 11:10:09 linus-xfs-crc kernel: ACPI: PCI: Interrupt link LNKC configured for IRQ 11
May 30 11:10:09 linus-xfs-crc kernel: ACPI: PCI: Interrupt link LNKD configured for IRQ 11
May 30 11:10:09 linus-xfs-crc kernel: ACPI: PCI: Interrupt link LNKE configured for IRQ 10
May 30 11:10:09 linus-xfs-crc kernel: ACPI: PCI: Interrupt link LNKF configured for IRQ 10
May 30 11:10:09 linus-xfs-crc kernel: ACPI: PCI: Interrupt link LNKG configured for IRQ 11
May 30 11:10:09 linus-xfs-crc kernel: ACPI: PCI: Interrupt link LNKH configured for IRQ 11
May 30 11:10:09 linus-xfs-crc kernel: ACPI: PCI: Interrupt link GSIA configured for IRQ 16
May 30 11:10:09 linus-xfs-crc kernel: ACPI: PCI: Interrupt link GSIB configured for IRQ 17
May 30 11:10:09 linus-xfs-crc kernel: ACPI: PCI: Interrupt link GSIC configured for IRQ 18
May 30 11:10:09 linus-xfs-crc kernel: ACPI: PCI: Interrupt link GSID configured for IRQ 19
May 30 11:10:09 linus-xfs-crc kernel: ACPI: PCI: Interrupt link GSIE configured for IRQ 20
May 30 11:10:09 linus-xfs-crc kernel: ACPI: PCI: Interrupt link GSIF configured for IRQ 21
May 30 11:10:09 linus-xfs-crc kernel: ACPI: PCI: Interrupt link GSIG configured for IRQ 22
May 30 11:10:09 linus-xfs-crc kernel: ACPI: PCI: Interrupt link GSIH configured for IRQ 23
May 30 11:10:09 linus-xfs-crc kernel: ACPI: PCI Root Bridge [PC20] (domain 0000 [bus 20-24])
May 30 11:10:09 linus-xfs-crc kernel: acpi PNP0A08:01: _OSC: OS supports [ExtendedConfig ASPM ClockPM Segments MSI HPX-Type3]
May 30 11:10:09 linus-xfs-crc kernel: acpi PNP0A08:01: _OSC: platform does not support [LTR]
May 30 11:10:09 linus-xfs-crc kernel: acpi PNP0A08:01: _OSC: OS now controls [PCIeHotplug SHPCHotplug PME AER PCIeCapability]
May 30 11:10:09 linus-xfs-crc kernel: PCI host bridge to bus 0000:20
May 30 11:10:09 linus-xfs-crc kernel: pci_bus 0000:20: root bus resource [mem 0xfc600000-0xfcdfffff window]
May 30 11:10:09 linus-xfs-crc kernel: pci_bus 0000:20: root bus resource [mem 0xfea10000-0xfea13fff window]
May 30 11:10:09 linus-xfs-crc kernel: pci_bus 0000:20: root bus resource [mem 0x380000000000-0x381fffffffff window]
May 30 11:10:09 linus-xfs-crc kernel: pci_bus 0000:20: root bus resource [bus 20-24]
May 30 11:10:09 linus-xfs-crc kernel: pci 0000:20:00.0: [1b36:000c] type 01 class 0x060400 PCIe Root Port
May 30 11:10:09 linus-xfs-crc kernel: pci 0000:20:00.0: BAR 0 [mem 0xfea10000-0xfea10fff]
May 30 11:10:09 linus-xfs-crc kernel: pci 0000:20:00.0: PCI bridge to [bus 21]
May 30 11:10:09 linus-xfs-crc kernel: pci 0000:20:00.0:   bridge window [mem 0xfcc00000-0xfcdfffff]
May 30 11:10:09 linus-xfs-crc kernel: pci 0000:20:00.0:   bridge window [mem 0x381800000000-0x381fffffffff 64bit pref]
May 30 11:10:09 linus-xfs-crc kernel: pci 0000:20:01.0: [1b36:000c] type 01 class 0x060400 PCIe Root Port
May 30 11:10:09 linus-xfs-crc kernel: pci 0000:20:01.0: BAR 0 [mem 0xfea11000-0xfea11fff]
May 30 11:10:09 linus-xfs-crc kernel: pci 0000:20:01.0: PCI bridge to [bus 22]
May 30 11:10:09 linus-xfs-crc kernel: pci 0000:20:01.0:   bridge window [mem 0xfca00000-0xfcbfffff]
May 30 11:10:09 linus-xfs-crc kernel: pci 0000:20:01.0:   bridge window [mem 0x381000000000-0x3817ffffffff 64bit pref]
May 30 11:10:09 linus-xfs-crc kernel: pci 0000:20:02.0: [1b36:000c] type 01 class 0x060400 PCIe Root Port
May 30 11:10:09 linus-xfs-crc kernel: pci 0000:20:02.0: BAR 0 [mem 0xfea12000-0xfea12fff]
May 30 11:10:09 linus-xfs-crc kernel: pci 0000:20:02.0: PCI bridge to [bus 23]
May 30 11:10:09 linus-xfs-crc kernel: pci 0000:20:02.0:   bridge window [mem 0xfc800000-0xfc9fffff]
May 30 11:10:09 linus-xfs-crc kernel: pci 0000:20:02.0:   bridge window [mem 0x380800000000-0x380fffffffff 64bit pref]
May 30 11:10:09 linus-xfs-crc kernel: pci 0000:20:03.0: [1b36:000c] type 01 class 0x060400 PCIe Root Port
May 30 11:10:09 linus-xfs-crc kernel: pci 0000:20:03.0: BAR 0 [mem 0xfea13000-0xfea13fff]
May 30 11:10:09 linus-xfs-crc kernel: pci 0000:20:03.0: PCI bridge to [bus 24]
May 30 11:10:09 linus-xfs-crc kernel: pci 0000:20:03.0:   bridge window [mem 0xfc600000-0xfc7fffff]
May 30 11:10:09 linus-xfs-crc kernel: pci 0000:20:03.0:   bridge window [mem 0x380000000000-0x3807ffffffff 64bit pref]
May 30 11:10:09 linus-xfs-crc kernel: pci 0000:21:00.0: [1af4:1042] type 00 class 0x010000 PCIe Endpoint
May 30 11:10:09 linus-xfs-crc kernel: pci 0000:21:00.0: BAR 1 [mem 0xfcc00000-0xfcc00fff]
May 30 11:10:09 linus-xfs-crc kernel: pci 0000:21:00.0: BAR 4 [mem 0x381800000000-0x381800003fff 64bit pref]
May 30 11:10:09 linus-xfs-crc kernel: pci 0000:20:00.0: PCI bridge to [bus 21]
May 30 11:10:09 linus-xfs-crc kernel: pci 0000:22:00.0: [1af4:1042] type 00 class 0x010000 PCIe Endpoint
May 30 11:10:09 linus-xfs-crc kernel: pci 0000:22:00.0: BAR 1 [mem 0xfca00000-0xfca00fff]
May 30 11:10:09 linus-xfs-crc kernel: pci 0000:22:00.0: BAR 4 [mem 0x381000000000-0x381000003fff 64bit pref]
May 30 11:10:09 linus-xfs-crc kernel: pci 0000:20:01.0: PCI bridge to [bus 22]
May 30 11:10:09 linus-xfs-crc kernel: pci 0000:23:00.0: [1af4:1042] type 00 class 0x010000 PCIe Endpoint
May 30 11:10:09 linus-xfs-crc kernel: pci 0000:23:00.0: BAR 1 [mem 0xfc800000-0xfc800fff]
May 30 11:10:09 linus-xfs-crc kernel: pci 0000:23:00.0: BAR 4 [mem 0x380800000000-0x380800003fff 64bit pref]
May 30 11:10:09 linus-xfs-crc kernel: pci 0000:20:02.0: PCI bridge to [bus 23]
May 30 11:10:09 linus-xfs-crc kernel: pci 0000:24:00.0: [1af4:1042] type 00 class 0x010000 PCIe Endpoint
May 30 11:10:09 linus-xfs-crc kernel: pci 0000:24:00.0: BAR 1 [mem 0xfc600000-0xfc600fff]
May 30 11:10:09 linus-xfs-crc kernel: pci 0000:24:00.0: BAR 4 [mem 0x380000000000-0x380000003fff 64bit pref]
May 30 11:10:09 linus-xfs-crc kernel: pci 0000:20:03.0: PCI bridge to [bus 24]
May 30 11:10:09 linus-xfs-crc kernel: iommu: Default domain type: Translated
May 30 11:10:09 linus-xfs-crc kernel: iommu: DMA domain TLB invalidation policy: lazy mode
May 30 11:10:09 linus-xfs-crc kernel: pps_core: LinuxPPS API ver. 1 registered
May 30 11:10:09 linus-xfs-crc kernel: pps_core: Software ver. 5.3.6 - Copyright 2005-2007 Rodolfo Giometti <giometti@linux.it>
May 30 11:10:09 linus-xfs-crc kernel: PTP clock support registered
May 30 11:10:09 linus-xfs-crc kernel: EDAC MC: Ver: 3.0.0
May 30 11:10:09 linus-xfs-crc kernel: PCI: Using ACPI for IRQ routing
May 30 11:10:09 linus-xfs-crc kernel: PCI: pci_cache_line_size set to 64 bytes
May 30 11:10:09 linus-xfs-crc kernel: e820: reserve RAM buffer [mem 0x0009fc00-0x0009ffff]
May 30 11:10:09 linus-xfs-crc kernel: e820: reserve RAM buffer [mem 0x7ffdc000-0x7fffffff]
May 30 11:10:09 linus-xfs-crc kernel: vgaarb: loaded
May 30 11:10:09 linus-xfs-crc kernel: clocksource: Switched to clocksource kvm-clock
May 30 11:10:09 linus-xfs-crc kernel: VFS: Disk quotas dquot_6.6.0
May 30 11:10:09 linus-xfs-crc kernel: VFS: Dquot-cache hash table entries: 512 (order 0, 4096 bytes)
May 30 11:10:09 linus-xfs-crc kernel: AppArmor: AppArmor Filesystem Enabled
May 30 11:10:09 linus-xfs-crc kernel: pnp: PnP ACPI init
May 30 11:10:09 linus-xfs-crc kernel: system 00:04: [mem 0xb0000000-0xbfffffff window] has been reserved
May 30 11:10:09 linus-xfs-crc kernel: pnp: PnP ACPI: found 5 devices
May 30 11:10:09 linus-xfs-crc kernel: clocksource: acpi_pm: mask: 0xffffff max_cycles: 0xffffff, max_idle_ns: 2085701024 ns
May 30 11:10:09 linus-xfs-crc kernel: NET: Registered PF_INET protocol family
May 30 11:10:09 linus-xfs-crc kernel: IP idents hash table entries: 65536 (order: 7, 524288 bytes, linear)
May 30 11:10:09 linus-xfs-crc kernel: tcp_listen_portaddr_hash hash table entries: 2048 (order: 5, 163840 bytes, linear)
May 30 11:10:09 linus-xfs-crc kernel: Table-perturb hash table entries: 65536 (order: 6, 262144 bytes, linear)
May 30 11:10:09 linus-xfs-crc kernel: TCP established hash table entries: 32768 (order: 6, 262144 bytes, linear)
May 30 11:10:09 linus-xfs-crc kernel: TCP bind hash table entries: 32768 (order: 10, 5242880 bytes, vmalloc hugepage)
May 30 11:10:09 linus-xfs-crc kernel: TCP: Hash tables configured (established 32768 bind 32768)
May 30 11:10:09 linus-xfs-crc kernel: UDP hash table entries: 2048 (order: 6, 393216 bytes, linear)
May 30 11:10:09 linus-xfs-crc kernel: UDP-Lite hash table entries: 2048 (order: 6, 393216 bytes, linear)
May 30 11:10:09 linus-xfs-crc kernel: NET: Registered PF_UNIX/PF_LOCAL protocol family
May 30 11:10:09 linus-xfs-crc kernel: pci 0000:00:01.0: bridge window [io  0x1000-0x0fff] to [bus 01] add_size 1000
May 30 11:10:09 linus-xfs-crc kernel: pci 0000:00:01.1: bridge window [io  0x1000-0x0fff] to [bus 02] add_size 1000
May 30 11:10:09 linus-xfs-crc kernel: pci 0000:00:01.2: bridge window [io  0x1000-0x0fff] to [bus 03] add_size 1000
May 30 11:10:09 linus-xfs-crc kernel: pci 0000:00:01.3: bridge window [io  0x1000-0x0fff] to [bus 04] add_size 1000
May 30 11:10:09 linus-xfs-crc kernel: pci 0000:00:01.4: bridge window [io  0x1000-0x0fff] to [bus 05] add_size 1000
May 30 11:10:09 linus-xfs-crc kernel: pci 0000:00:01.5: bridge window [io  0x1000-0x0fff] to [bus 06] add_size 1000
May 30 11:10:09 linus-xfs-crc kernel: pci 0000:00:01.6: bridge window [io  0x1000-0x0fff] to [bus 07] add_size 1000
May 30 11:10:09 linus-xfs-crc kernel: pci 0000:00:01.7: bridge window [io  0x1000-0x0fff] to [bus 08] add_size 1000
May 30 11:10:09 linus-xfs-crc kernel: pci 0000:00:02.0: bridge window [io  0x1000-0x0fff] to [bus 09] add_size 1000
May 30 11:10:09 linus-xfs-crc kernel: pci 0000:00:02.1: bridge window [io  0x1000-0x0fff] to [bus 0a] add_size 1000
May 30 11:10:09 linus-xfs-crc kernel: pci 0000:00:02.2: bridge window [io  0x1000-0x0fff] to [bus 0b] add_size 1000
May 30 11:10:09 linus-xfs-crc kernel: pci 0000:00:02.3: bridge window [io  0x1000-0x0fff] to [bus 0c] add_size 1000
May 30 11:10:09 linus-xfs-crc kernel: pci 0000:00:02.4: bridge window [io  0x1000-0x0fff] to [bus 0d] add_size 1000
May 30 11:10:09 linus-xfs-crc kernel: pci 0000:00:02.5: bridge window [io  0x1000-0x0fff] to [bus 0e] add_size 1000
May 30 11:10:09 linus-xfs-crc kernel: pci 0000:00:01.0: bridge window [io  0x1000-0x1fff]: assigned
May 30 11:10:09 linus-xfs-crc kernel: pci 0000:00:01.1: bridge window [io  0x2000-0x2fff]: assigned
May 30 11:10:09 linus-xfs-crc kernel: pci 0000:00:01.2: bridge window [io  0x3000-0x3fff]: assigned
May 30 11:10:09 linus-xfs-crc kernel: pci 0000:00:01.3: bridge window [io  0x4000-0x4fff]: assigned
May 30 11:10:09 linus-xfs-crc kernel: pci 0000:00:01.4: bridge window [io  0x5000-0x5fff]: assigned
May 30 11:10:09 linus-xfs-crc kernel: pci 0000:00:01.5: bridge window [io  0x6000-0x6fff]: assigned
May 30 11:10:09 linus-xfs-crc kernel: pci 0000:00:01.6: bridge window [io  0x7000-0x7fff]: assigned
May 30 11:10:09 linus-xfs-crc kernel: pci 0000:00:01.7: bridge window [io  0x8000-0x8fff]: assigned
May 30 11:10:09 linus-xfs-crc kernel: pci 0000:00:02.0: bridge window [io  0x9000-0x9fff]: assigned
May 30 11:10:09 linus-xfs-crc kernel: pci 0000:00:02.1: bridge window [io  0xa000-0xafff]: assigned
May 30 11:10:09 linus-xfs-crc kernel: pci 0000:00:02.2: bridge window [io  0xb000-0xbfff]: assigned
May 30 11:10:09 linus-xfs-crc kernel: pci 0000:00:02.3: bridge window [io  0xd000-0xdfff]: assigned
May 30 11:10:09 linus-xfs-crc kernel: pci 0000:00:02.4: bridge window [io  0xe000-0xefff]: assigned
May 30 11:10:09 linus-xfs-crc kernel: pci 0000:00:02.5: bridge window [io  0xf000-0xffff]: assigned
May 30 11:10:09 linus-xfs-crc kernel: pci 0000:00:01.0: PCI bridge to [bus 01]
May 30 11:10:09 linus-xfs-crc kernel: pci 0000:00:01.0:   bridge window [io  0x1000-0x1fff]
May 30 11:10:09 linus-xfs-crc kernel: pci 0000:00:01.0:   bridge window [mem 0xfe800000-0xfe9fffff]
May 30 11:10:09 linus-xfs-crc kernel: pci 0000:00:01.0:   bridge window [mem 0x388800000000-0x388fffffffff 64bit pref]
May 30 11:10:09 linus-xfs-crc kernel: pci 0000:00:01.1: PCI bridge to [bus 02]
May 30 11:10:09 linus-xfs-crc kernel: pci 0000:00:01.1:   bridge window [io  0x2000-0x2fff]
May 30 11:10:09 linus-xfs-crc kernel: pci 0000:00:01.1:   bridge window [mem 0xfe600000-0xfe7fffff]
May 30 11:10:09 linus-xfs-crc kernel: pci 0000:00:01.1:   bridge window [mem 0x388000000000-0x3887ffffffff 64bit pref]
May 30 11:10:09 linus-xfs-crc kernel: pci 0000:00:01.2: PCI bridge to [bus 03]
May 30 11:10:09 linus-xfs-crc kernel: pci 0000:00:01.2:   bridge window [io  0x3000-0x3fff]
May 30 11:10:09 linus-xfs-crc kernel: pci 0000:00:01.2:   bridge window [mem 0xfe400000-0xfe5fffff]
May 30 11:10:09 linus-xfs-crc kernel: pci 0000:00:01.2:   bridge window [mem 0x387800000000-0x387fffffffff 64bit pref]
May 30 11:10:09 linus-xfs-crc kernel: pci 0000:00:01.3: PCI bridge to [bus 04]
May 30 11:10:09 linus-xfs-crc kernel: pci 0000:00:01.3:   bridge window [io  0x4000-0x4fff]
May 30 11:10:09 linus-xfs-crc kernel: pci 0000:00:01.3:   bridge window [mem 0xfe200000-0xfe3fffff]
May 30 11:10:09 linus-xfs-crc kernel: pci 0000:00:01.3:   bridge window [mem 0x387000000000-0x3877ffffffff 64bit pref]
May 30 11:10:09 linus-xfs-crc kernel: pci 0000:00:01.4: PCI bridge to [bus 05]
May 30 11:10:09 linus-xfs-crc kernel: pci 0000:00:01.4:   bridge window [io  0x5000-0x5fff]
May 30 11:10:09 linus-xfs-crc kernel: pci 0000:00:01.4:   bridge window [mem 0xfe000000-0xfe1fffff]
May 30 11:10:09 linus-xfs-crc kernel: pci 0000:00:01.4:   bridge window [mem 0x386800000000-0x386fffffffff 64bit pref]
May 30 11:10:09 linus-xfs-crc kernel: pci 0000:00:01.5: PCI bridge to [bus 06]
May 30 11:10:09 linus-xfs-crc kernel: pci 0000:00:01.5:   bridge window [io  0x6000-0x6fff]
May 30 11:10:09 linus-xfs-crc kernel: pci 0000:00:01.5:   bridge window [mem 0xfde00000-0xfdffffff]
May 30 11:10:09 linus-xfs-crc kernel: pci 0000:00:01.5:   bridge window [mem 0x386000000000-0x3867ffffffff 64bit pref]
May 30 11:10:09 linus-xfs-crc kernel: pci 0000:00:01.6: PCI bridge to [bus 07]
May 30 11:10:09 linus-xfs-crc kernel: pci 0000:00:01.6:   bridge window [io  0x7000-0x7fff]
May 30 11:10:09 linus-xfs-crc kernel: pci 0000:00:01.6:   bridge window [mem 0xfdc00000-0xfddfffff]
May 30 11:10:09 linus-xfs-crc kernel: pci 0000:00:01.6:   bridge window [mem 0x385800000000-0x385fffffffff 64bit pref]
May 30 11:10:09 linus-xfs-crc kernel: pci 0000:00:01.7: PCI bridge to [bus 08]
May 30 11:10:09 linus-xfs-crc kernel: pci 0000:00:01.7:   bridge window [io  0x8000-0x8fff]
May 30 11:10:09 linus-xfs-crc kernel: pci 0000:00:01.7:   bridge window [mem 0xfda00000-0xfdbfffff]
May 30 11:10:09 linus-xfs-crc kernel: pci 0000:00:01.7:   bridge window [mem 0x385000000000-0x3857ffffffff 64bit pref]
May 30 11:10:09 linus-xfs-crc kernel: pci 0000:00:02.0: PCI bridge to [bus 09]
May 30 11:10:09 linus-xfs-crc kernel: pci 0000:00:02.0:   bridge window [io  0x9000-0x9fff]
May 30 11:10:09 linus-xfs-crc kernel: pci 0000:00:02.0:   bridge window [mem 0xfd800000-0xfd9fffff]
May 30 11:10:09 linus-xfs-crc kernel: pci 0000:00:02.0:   bridge window [mem 0x384800000000-0x384fffffffff 64bit pref]
May 30 11:10:09 linus-xfs-crc kernel: pci 0000:00:02.1: PCI bridge to [bus 0a]
May 30 11:10:09 linus-xfs-crc kernel: pci 0000:00:02.1:   bridge window [io  0xa000-0xafff]
May 30 11:10:09 linus-xfs-crc kernel: pci 0000:00:02.1:   bridge window [mem 0xfd600000-0xfd7fffff]
May 30 11:10:09 linus-xfs-crc kernel: pci 0000:00:02.1:   bridge window [mem 0x384000000000-0x3847ffffffff 64bit pref]
May 30 11:10:09 linus-xfs-crc kernel: pci 0000:00:02.2: PCI bridge to [bus 0b]
May 30 11:10:09 linus-xfs-crc kernel: pci 0000:00:02.2:   bridge window [io  0xb000-0xbfff]
May 30 11:10:09 linus-xfs-crc kernel: pci 0000:00:02.2:   bridge window [mem 0xfd400000-0xfd5fffff]
May 30 11:10:09 linus-xfs-crc kernel: pci 0000:00:02.2:   bridge window [mem 0x383800000000-0x383fffffffff 64bit pref]
May 30 11:10:09 linus-xfs-crc kernel: pci 0000:00:02.3: PCI bridge to [bus 0c]
May 30 11:10:09 linus-xfs-crc kernel: pci 0000:00:02.3:   bridge window [io  0xd000-0xdfff]
May 30 11:10:09 linus-xfs-crc kernel: pci 0000:00:02.3:   bridge window [mem 0xfd200000-0xfd3fffff]
May 30 11:10:09 linus-xfs-crc kernel: pci 0000:00:02.3:   bridge window [mem 0x383000000000-0x3837ffffffff 64bit pref]
May 30 11:10:09 linus-xfs-crc kernel: pci 0000:00:02.4: PCI bridge to [bus 0d]
May 30 11:10:09 linus-xfs-crc kernel: pci 0000:00:02.4:   bridge window [io  0xe000-0xefff]
May 30 11:10:09 linus-xfs-crc kernel: pci 0000:00:02.4:   bridge window [mem 0xfd000000-0xfd1fffff]
May 30 11:10:09 linus-xfs-crc kernel: pci 0000:00:02.4:   bridge window [mem 0x382800000000-0x382fffffffff 64bit pref]
May 30 11:10:09 linus-xfs-crc kernel: pci 0000:00:02.5: PCI bridge to [bus 0e]
May 30 11:10:09 linus-xfs-crc kernel: pci 0000:00:02.5:   bridge window [io  0xf000-0xffff]
May 30 11:10:09 linus-xfs-crc kernel: pci 0000:00:02.5:   bridge window [mem 0xfce00000-0xfcffffff]
May 30 11:10:09 linus-xfs-crc kernel: pci 0000:00:02.5:   bridge window [mem 0x382000000000-0x3827ffffffff 64bit pref]
May 30 11:10:09 linus-xfs-crc kernel: pci_bus 0000:00: resource 4 [io  0x0000-0x0cf7 window]
May 30 11:10:09 linus-xfs-crc kernel: pci_bus 0000:00: resource 5 [io  0x0d00-0xffff window]
May 30 11:10:09 linus-xfs-crc kernel: pci_bus 0000:00: resource 6 [mem 0x000a0000-0x000bffff window]
May 30 11:10:09 linus-xfs-crc kernel: pci_bus 0000:00: resource 7 [mem 0x80000000-0xafffffff window]
May 30 11:10:09 linus-xfs-crc kernel: pci_bus 0000:00: resource 8 [mem 0xc0000000-0xfc5fffff window]
May 30 11:10:09 linus-xfs-crc kernel: pci_bus 0000:00: resource 9 [mem 0xfce00000-0xfea0ffff window]
May 30 11:10:09 linus-xfs-crc kernel: pci_bus 0000:00: resource 10 [mem 0xfea14000-0xfebfffff window]
May 30 11:10:09 linus-xfs-crc kernel: pci_bus 0000:00: resource 11 [mem 0x382000000000-0x389000003fff window]
May 30 11:10:09 linus-xfs-crc kernel: pci_bus 0000:01: resource 0 [io  0x1000-0x1fff]
May 30 11:10:09 linus-xfs-crc kernel: pci_bus 0000:01: resource 1 [mem 0xfe800000-0xfe9fffff]
May 30 11:10:09 linus-xfs-crc kernel: pci_bus 0000:01: resource 2 [mem 0x388800000000-0x388fffffffff 64bit pref]
May 30 11:10:09 linus-xfs-crc kernel: pci_bus 0000:02: resource 0 [io  0x2000-0x2fff]
May 30 11:10:09 linus-xfs-crc kernel: pci_bus 0000:02: resource 1 [mem 0xfe600000-0xfe7fffff]
May 30 11:10:09 linus-xfs-crc kernel: pci_bus 0000:02: resource 2 [mem 0x388000000000-0x3887ffffffff 64bit pref]
May 30 11:10:09 linus-xfs-crc kernel: pci_bus 0000:03: resource 0 [io  0x3000-0x3fff]
May 30 11:10:09 linus-xfs-crc kernel: pci_bus 0000:03: resource 1 [mem 0xfe400000-0xfe5fffff]
May 30 11:10:09 linus-xfs-crc kernel: pci_bus 0000:03: resource 2 [mem 0x387800000000-0x387fffffffff 64bit pref]
May 30 11:10:09 linus-xfs-crc kernel: pci_bus 0000:04: resource 0 [io  0x4000-0x4fff]
May 30 11:10:09 linus-xfs-crc kernel: pci_bus 0000:04: resource 1 [mem 0xfe200000-0xfe3fffff]
May 30 11:10:09 linus-xfs-crc kernel: pci_bus 0000:04: resource 2 [mem 0x387000000000-0x3877ffffffff 64bit pref]
May 30 11:10:09 linus-xfs-crc kernel: pci_bus 0000:05: resource 0 [io  0x5000-0x5fff]
May 30 11:10:09 linus-xfs-crc kernel: pci_bus 0000:05: resource 1 [mem 0xfe000000-0xfe1fffff]
May 30 11:10:09 linus-xfs-crc kernel: pci_bus 0000:05: resource 2 [mem 0x386800000000-0x386fffffffff 64bit pref]
May 30 11:10:09 linus-xfs-crc kernel: pci_bus 0000:06: resource 0 [io  0x6000-0x6fff]
May 30 11:10:09 linus-xfs-crc kernel: pci_bus 0000:06: resource 1 [mem 0xfde00000-0xfdffffff]
May 30 11:10:09 linus-xfs-crc kernel: pci_bus 0000:06: resource 2 [mem 0x386000000000-0x3867ffffffff 64bit pref]
May 30 11:10:09 linus-xfs-crc kernel: pci_bus 0000:07: resource 0 [io  0x7000-0x7fff]
May 30 11:10:09 linus-xfs-crc kernel: pci_bus 0000:07: resource 1 [mem 0xfdc00000-0xfddfffff]
May 30 11:10:09 linus-xfs-crc kernel: pci_bus 0000:07: resource 2 [mem 0x385800000000-0x385fffffffff 64bit pref]
May 30 11:10:09 linus-xfs-crc kernel: pci_bus 0000:08: resource 0 [io  0x8000-0x8fff]
May 30 11:10:09 linus-xfs-crc kernel: pci_bus 0000:08: resource 1 [mem 0xfda00000-0xfdbfffff]
May 30 11:10:09 linus-xfs-crc kernel: pci_bus 0000:08: resource 2 [mem 0x385000000000-0x3857ffffffff 64bit pref]
May 30 11:10:09 linus-xfs-crc kernel: pci_bus 0000:09: resource 0 [io  0x9000-0x9fff]
May 30 11:10:09 linus-xfs-crc kernel: pci_bus 0000:09: resource 1 [mem 0xfd800000-0xfd9fffff]
May 30 11:10:09 linus-xfs-crc kernel: pci_bus 0000:09: resource 2 [mem 0x384800000000-0x384fffffffff 64bit pref]
May 30 11:10:09 linus-xfs-crc kernel: pci_bus 0000:0a: resource 0 [io  0xa000-0xafff]
May 30 11:10:09 linus-xfs-crc kernel: pci_bus 0000:0a: resource 1 [mem 0xfd600000-0xfd7fffff]
May 30 11:10:09 linus-xfs-crc kernel: pci_bus 0000:0a: resource 2 [mem 0x384000000000-0x3847ffffffff 64bit pref]
May 30 11:10:09 linus-xfs-crc kernel: pci_bus 0000:0b: resource 0 [io  0xb000-0xbfff]
May 30 11:10:09 linus-xfs-crc kernel: pci_bus 0000:0b: resource 1 [mem 0xfd400000-0xfd5fffff]
May 30 11:10:09 linus-xfs-crc kernel: pci_bus 0000:0b: resource 2 [mem 0x383800000000-0x383fffffffff 64bit pref]
May 30 11:10:09 linus-xfs-crc kernel: pci_bus 0000:0c: resource 0 [io  0xd000-0xdfff]
May 30 11:10:09 linus-xfs-crc kernel: pci_bus 0000:0c: resource 1 [mem 0xfd200000-0xfd3fffff]
May 30 11:10:09 linus-xfs-crc kernel: pci_bus 0000:0c: resource 2 [mem 0x383000000000-0x3837ffffffff 64bit pref]
May 30 11:10:09 linus-xfs-crc kernel: pci_bus 0000:0d: resource 0 [io  0xe000-0xefff]
May 30 11:10:09 linus-xfs-crc kernel: pci_bus 0000:0d: resource 1 [mem 0xfd000000-0xfd1fffff]
May 30 11:10:09 linus-xfs-crc kernel: pci_bus 0000:0d: resource 2 [mem 0x382800000000-0x382fffffffff 64bit pref]
May 30 11:10:09 linus-xfs-crc kernel: pci_bus 0000:0e: resource 0 [io  0xf000-0xffff]
May 30 11:10:09 linus-xfs-crc kernel: pci_bus 0000:0e: resource 1 [mem 0xfce00000-0xfcffffff]
May 30 11:10:09 linus-xfs-crc kernel: pci_bus 0000:0e: resource 2 [mem 0x382000000000-0x3827ffffffff 64bit pref]
May 30 11:10:09 linus-xfs-crc kernel: pci 0000:20:00.0: bridge window [io  0x1000-0x0fff] to [bus 21] add_size 1000
May 30 11:10:09 linus-xfs-crc kernel: pci 0000:20:01.0: bridge window [io  0x1000-0x0fff] to [bus 22] add_size 1000
May 30 11:10:09 linus-xfs-crc kernel: pci 0000:20:02.0: bridge window [io  0x1000-0x0fff] to [bus 23] add_size 1000
May 30 11:10:09 linus-xfs-crc kernel: pci 0000:20:03.0: bridge window [io  0x1000-0x0fff] to [bus 24] add_size 1000
May 30 11:10:09 linus-xfs-crc kernel: pci 0000:20:00.0: bridge window [io  size 0x1000]: can't assign; no space
May 30 11:10:09 linus-xfs-crc kernel: pci 0000:20:00.0: bridge window [io  size 0x1000]: failed to assign
May 30 11:10:09 linus-xfs-crc kernel: pci 0000:20:01.0: bridge window [io  size 0x1000]: can't assign; no space
May 30 11:10:09 linus-xfs-crc kernel: pci 0000:20:01.0: bridge window [io  size 0x1000]: failed to assign
May 30 11:10:09 linus-xfs-crc kernel: pci 0000:20:02.0: bridge window [io  size 0x1000]: can't assign; no space
May 30 11:10:09 linus-xfs-crc kernel: pci 0000:20:02.0: bridge window [io  size 0x1000]: failed to assign
May 30 11:10:09 linus-xfs-crc kernel: pci 0000:20:03.0: bridge window [io  size 0x1000]: can't assign; no space
May 30 11:10:09 linus-xfs-crc kernel: pci 0000:20:03.0: bridge window [io  size 0x1000]: failed to assign
May 30 11:10:09 linus-xfs-crc kernel: pci 0000:20:03.0: bridge window [io  size 0x1000]: can't assign; no space
May 30 11:10:09 linus-xfs-crc kernel: pci 0000:20:03.0: bridge window [io  size 0x1000]: failed to assign
May 30 11:10:09 linus-xfs-crc kernel: pci 0000:20:02.0: bridge window [io  size 0x1000]: can't assign; no space
May 30 11:10:09 linus-xfs-crc kernel: pci 0000:20:02.0: bridge window [io  size 0x1000]: failed to assign
May 30 11:10:09 linus-xfs-crc kernel: pci 0000:20:01.0: bridge window [io  size 0x1000]: can't assign; no space
May 30 11:10:09 linus-xfs-crc kernel: pci 0000:20:01.0: bridge window [io  size 0x1000]: failed to assign
May 30 11:10:09 linus-xfs-crc kernel: pci 0000:20:00.0: bridge window [io  size 0x1000]: can't assign; no space
May 30 11:10:09 linus-xfs-crc kernel: pci 0000:20:00.0: bridge window [io  size 0x1000]: failed to assign
May 30 11:10:09 linus-xfs-crc kernel: pci 0000:20:00.0: PCI bridge to [bus 21]
May 30 11:10:09 linus-xfs-crc kernel: pci 0000:20:00.0:   bridge window [mem 0xfcc00000-0xfcdfffff]
May 30 11:10:09 linus-xfs-crc kernel: pci 0000:20:00.0:   bridge window [mem 0x381800000000-0x381fffffffff 64bit pref]
May 30 11:10:09 linus-xfs-crc kernel: pci 0000:20:01.0: PCI bridge to [bus 22]
May 30 11:10:09 linus-xfs-crc kernel: pci 0000:20:01.0:   bridge window [mem 0xfca00000-0xfcbfffff]
May 30 11:10:09 linus-xfs-crc kernel: pci 0000:20:01.0:   bridge window [mem 0x381000000000-0x3817ffffffff 64bit pref]
May 30 11:10:09 linus-xfs-crc kernel: pci 0000:20:02.0: PCI bridge to [bus 23]
May 30 11:10:09 linus-xfs-crc kernel: pci 0000:20:02.0:   bridge window [mem 0xfc800000-0xfc9fffff]
May 30 11:10:09 linus-xfs-crc kernel: pci 0000:20:02.0:   bridge window [mem 0x380800000000-0x380fffffffff 64bit pref]
May 30 11:10:09 linus-xfs-crc kernel: pci 0000:20:03.0: PCI bridge to [bus 24]
May 30 11:10:09 linus-xfs-crc kernel: pci 0000:20:03.0:   bridge window [mem 0xfc600000-0xfc7fffff]
May 30 11:10:09 linus-xfs-crc kernel: pci 0000:20:03.0:   bridge window [mem 0x380000000000-0x3807ffffffff 64bit pref]
May 30 11:10:09 linus-xfs-crc kernel: pci_bus 0000:20: resource 4 [mem 0xfc600000-0xfcdfffff window]
May 30 11:10:09 linus-xfs-crc kernel: pci_bus 0000:20: resource 5 [mem 0xfea10000-0xfea13fff window]
May 30 11:10:09 linus-xfs-crc kernel: pci_bus 0000:20: resource 6 [mem 0x380000000000-0x381fffffffff window]
May 30 11:10:09 linus-xfs-crc kernel: pci_bus 0000:21: resource 1 [mem 0xfcc00000-0xfcdfffff]
May 30 11:10:09 linus-xfs-crc kernel: pci_bus 0000:21: resource 2 [mem 0x381800000000-0x381fffffffff 64bit pref]
May 30 11:10:09 linus-xfs-crc kernel: pci_bus 0000:22: resource 1 [mem 0xfca00000-0xfcbfffff]
May 30 11:10:09 linus-xfs-crc kernel: pci_bus 0000:22: resource 2 [mem 0x381000000000-0x3817ffffffff 64bit pref]
May 30 11:10:09 linus-xfs-crc kernel: pci_bus 0000:23: resource 1 [mem 0xfc800000-0xfc9fffff]
May 30 11:10:09 linus-xfs-crc kernel: pci_bus 0000:23: resource 2 [mem 0x380800000000-0x380fffffffff 64bit pref]
May 30 11:10:09 linus-xfs-crc kernel: pci_bus 0000:24: resource 1 [mem 0xfc600000-0xfc7fffff]
May 30 11:10:09 linus-xfs-crc kernel: pci_bus 0000:24: resource 2 [mem 0x380000000000-0x3807ffffffff 64bit pref]
May 30 11:10:09 linus-xfs-crc kernel: ACPI: \_SB_.GSIF: Enabled at IRQ 21
May 30 11:10:09 linus-xfs-crc kernel: pci 0000:02:00.0: quirk_usb_early_handoff+0x0/0xb40 took 72801 usecs
May 30 11:10:09 linus-xfs-crc kernel: PCI: CLS 0 bytes, default 64
May 30 11:10:09 linus-xfs-crc kernel: PCI-DMA: Using software bounce buffering for IO (SWIOTLB)
May 30 11:10:09 linus-xfs-crc kernel: software IO TLB: mapped [mem 0x000000007bfdc000-0x000000007ffdc000] (64MB)
May 30 11:10:09 linus-xfs-crc kernel: clocksource: tsc: mask: 0xffffffffffffffff max_cycles: 0x39a85c9bff6, max_idle_ns: 881590591483 ns
May 30 11:10:09 linus-xfs-crc kernel: clocksource: Switched to clocksource tsc
May 30 11:10:09 linus-xfs-crc kernel: Trying to unpack rootfs image as initramfs...
May 30 11:10:09 linus-xfs-crc kernel: Initialise system trusted keyrings
May 30 11:10:09 linus-xfs-crc kernel: workingset: timestamp_bits=40 max_order=20 bucket_order=0
May 30 11:10:09 linus-xfs-crc kernel: zbud: loaded
May 30 11:10:09 linus-xfs-crc kernel: Key type asymmetric registered
May 30 11:10:09 linus-xfs-crc kernel: Asymmetric key parser 'x509' registered
May 30 11:10:09 linus-xfs-crc kernel: Freeing initrd memory: 125488K
May 30 11:10:09 linus-xfs-crc kernel: Block layer SCSI generic (bsg) driver version 0.4 loaded (major 248)
May 30 11:10:09 linus-xfs-crc kernel: io scheduler mq-deadline registered
May 30 11:10:09 linus-xfs-crc kernel: pcieport 0000:00:01.0: PME: Signaling with IRQ 24
May 30 11:10:09 linus-xfs-crc kernel: pcieport 0000:00:01.0: AER: enabled with IRQ 24
May 30 11:10:09 linus-xfs-crc kernel: pcieport 0000:00:01.1: PME: Signaling with IRQ 25
May 30 11:10:09 linus-xfs-crc kernel: pcieport 0000:00:01.1: AER: enabled with IRQ 25
May 30 11:10:09 linus-xfs-crc kernel: pcieport 0000:00:01.2: PME: Signaling with IRQ 26
May 30 11:10:09 linus-xfs-crc kernel: pcieport 0000:00:01.2: AER: enabled with IRQ 26
May 30 11:10:09 linus-xfs-crc kernel: pcieport 0000:00:01.3: PME: Signaling with IRQ 27
May 30 11:10:09 linus-xfs-crc kernel: pcieport 0000:00:01.3: AER: enabled with IRQ 27
May 30 11:10:09 linus-xfs-crc kernel: pcieport 0000:00:01.4: PME: Signaling with IRQ 28
May 30 11:10:09 linus-xfs-crc kernel: pcieport 0000:00:01.4: AER: enabled with IRQ 28
May 30 11:10:09 linus-xfs-crc kernel: pcieport 0000:00:01.5: PME: Signaling with IRQ 29
May 30 11:10:09 linus-xfs-crc kernel: pcieport 0000:00:01.5: AER: enabled with IRQ 29
May 30 11:10:09 linus-xfs-crc kernel: pcieport 0000:00:01.6: PME: Signaling with IRQ 30
May 30 11:10:09 linus-xfs-crc kernel: pcieport 0000:00:01.6: AER: enabled with IRQ 30
May 30 11:10:09 linus-xfs-crc kernel: pcieport 0000:00:01.7: PME: Signaling with IRQ 31
May 30 11:10:09 linus-xfs-crc kernel: pcieport 0000:00:01.7: AER: enabled with IRQ 31
May 30 11:10:09 linus-xfs-crc kernel: ACPI: \_SB_.GSIG: Enabled at IRQ 22
May 30 11:10:09 linus-xfs-crc kernel: pcieport 0000:00:02.0: PME: Signaling with IRQ 32
May 30 11:10:09 linus-xfs-crc kernel: pcieport 0000:00:02.0: AER: enabled with IRQ 32
May 30 11:10:09 linus-xfs-crc kernel: pcieport 0000:00:02.1: PME: Signaling with IRQ 33
May 30 11:10:09 linus-xfs-crc kernel: pcieport 0000:00:02.1: AER: enabled with IRQ 33
May 30 11:10:09 linus-xfs-crc kernel: pcieport 0000:00:02.2: PME: Signaling with IRQ 34
May 30 11:10:09 linus-xfs-crc kernel: pcieport 0000:00:02.2: AER: enabled with IRQ 34
May 30 11:10:09 linus-xfs-crc kernel: pcieport 0000:00:02.3: PME: Signaling with IRQ 35
May 30 11:10:09 linus-xfs-crc kernel: pcieport 0000:00:02.3: AER: enabled with IRQ 35
May 30 11:10:09 linus-xfs-crc kernel: pcieport 0000:00:02.4: PME: Signaling with IRQ 36
May 30 11:10:09 linus-xfs-crc kernel: pcieport 0000:00:02.4: AER: enabled with IRQ 36
May 30 11:10:09 linus-xfs-crc kernel: pcieport 0000:00:02.5: PME: Signaling with IRQ 37
May 30 11:10:09 linus-xfs-crc kernel: pcieport 0000:00:02.5: AER: enabled with IRQ 37
May 30 11:10:09 linus-xfs-crc kernel: ACPI: \_SB_.LNKD: Enabled at IRQ 11
May 30 11:10:09 linus-xfs-crc kernel: pcieport 0000:20:00.0: PME: Signaling with IRQ 38
May 30 11:10:09 linus-xfs-crc kernel: pcieport 0000:20:00.0: AER: enabled with IRQ 38
May 30 11:10:09 linus-xfs-crc kernel: pcieport 0000:20:00.0: pciehp: Slot #0 AttnBtn+ PwrCtrl+ MRL- AttnInd+ PwrInd+ HotPlug+ Surprise+ Interlock+ NoCompl- IbPresDis- LLActRep+
May 30 11:10:09 linus-xfs-crc kernel: ACPI: \_SB_.LNKA: Enabled at IRQ 10
May 30 11:10:09 linus-xfs-crc kernel: pcieport 0000:20:01.0: PME: Signaling with IRQ 39
May 30 11:10:09 linus-xfs-crc kernel: pcieport 0000:20:01.0: AER: enabled with IRQ 39
May 30 11:10:09 linus-xfs-crc kernel: pcieport 0000:20:01.0: pciehp: Slot #0 AttnBtn+ PwrCtrl+ MRL- AttnInd+ PwrInd+ HotPlug+ Surprise+ Interlock+ NoCompl- IbPresDis- LLActRep+
May 30 11:10:09 linus-xfs-crc kernel: ACPI: \_SB_.LNKB: Enabled at IRQ 10
May 30 11:10:09 linus-xfs-crc kernel: pcieport 0000:20:02.0: PME: Signaling with IRQ 40
May 30 11:10:09 linus-xfs-crc kernel: pcieport 0000:20:02.0: AER: enabled with IRQ 40
May 30 11:10:09 linus-xfs-crc kernel: pcieport 0000:20:02.0: pciehp: Slot #0 AttnBtn+ PwrCtrl+ MRL- AttnInd+ PwrInd+ HotPlug+ Surprise+ Interlock+ NoCompl- IbPresDis- LLActRep+
May 30 11:10:09 linus-xfs-crc kernel: ACPI: \_SB_.LNKC: Enabled at IRQ 11
May 30 11:10:09 linus-xfs-crc kernel: pcieport 0000:20:03.0: PME: Signaling with IRQ 41
May 30 11:10:09 linus-xfs-crc kernel: pcieport 0000:20:03.0: AER: enabled with IRQ 41
May 30 11:10:09 linus-xfs-crc kernel: pcieport 0000:20:03.0: pciehp: Slot #0 AttnBtn+ PwrCtrl+ MRL- AttnInd+ PwrInd+ HotPlug+ Surprise+ Interlock+ NoCompl- IbPresDis- LLActRep+
May 30 11:10:09 linus-xfs-crc kernel: shpchp: Standard Hot Plug PCI Controller Driver version: 0.4
May 30 11:10:09 linus-xfs-crc kernel: Serial: 8250/16550 driver, 4 ports, IRQ sharing enabled
May 30 11:10:09 linus-xfs-crc kernel: 00:00: ttyS0 at I/O 0x3f8 (irq = 4, base_baud = 115200) is a 16550A
May 30 11:10:09 linus-xfs-crc kernel: Linux agpgart interface v0.103
May 30 11:10:09 linus-xfs-crc kernel: i8042: PNP: PS/2 Controller [PNP0303:KBD,PNP0f13:MOU] at 0x60,0x64 irq 1,12
May 30 11:10:09 linus-xfs-crc kernel: serio: i8042 KBD port at 0x60,0x64 irq 1
May 30 11:10:09 linus-xfs-crc kernel: serio: i8042 AUX port at 0x60,0x64 irq 12
May 30 11:10:09 linus-xfs-crc kernel: mousedev: PS/2 mouse device common for all mice
May 30 11:10:10 linus-xfs-crc kernel: rtc_cmos 00:03: RTC can wake from S4
May 30 11:10:10 linus-xfs-crc kernel: input: AT Translated Set 2 keyboard as /devices/platform/i8042/serio0/input/input0
May 30 11:10:10 linus-xfs-crc kernel: rtc_cmos 00:03: registered as rtc0
May 30 11:10:10 linus-xfs-crc kernel: rtc_cmos 00:03: setting system clock to 2024-05-30T18:09:39 UTC (1717092579)
May 30 11:10:10 linus-xfs-crc kernel: rtc_cmos 00:03: alarms up to one day, y3k, 242 bytes nvram
May 30 11:10:10 linus-xfs-crc kernel: intel_pstate: CPU model not supported
May 30 11:10:10 linus-xfs-crc kernel: ledtrig-cpu: registered to indicate activity on CPUs
May 30 11:10:10 linus-xfs-crc kernel: NET: Registered PF_INET6 protocol family
May 30 11:10:10 linus-xfs-crc kernel: Segment Routing with IPv6
May 30 11:10:10 linus-xfs-crc kernel: In-situ OAM (IOAM) with IPv6
May 30 11:10:10 linus-xfs-crc kernel: mip6: Mobile IPv6
May 30 11:10:10 linus-xfs-crc kernel: NET: Registered PF_PACKET protocol family
May 30 11:10:10 linus-xfs-crc kernel: 9pnet: Installing 9P2000 support
May 30 11:10:10 linus-xfs-crc kernel: mpls_gso: MPLS GSO support
May 30 11:10:10 linus-xfs-crc kernel: IPI shorthand broadcast: enabled
May 30 11:10:10 linus-xfs-crc kernel: sched_clock: Marking stable (19828006731, 111175665)->(20178569564, -239387168)
May 30 11:10:10 linus-xfs-crc kernel: Timer migration: 1 hierarchy levels; 8 children per group; 1 crossnode level
May 30 11:10:10 linus-xfs-crc kernel: registered taskstats version 1
May 30 11:10:10 linus-xfs-crc kernel: Loading compiled-in X.509 certificates
May 30 11:10:10 linus-xfs-crc kernel: Demotion targets for Node 0: null
May 30 11:10:10 linus-xfs-crc kernel: kmemleak: Kernel memory leak detector initialized (mem pool available: 14118)
May 30 11:10:10 linus-xfs-crc kernel: Key type .fscrypt registered
May 30 11:10:10 linus-xfs-crc kernel: Key type fscrypt-provisioning registered
May 30 11:10:10 linus-xfs-crc kernel: AppArmor: AppArmor sha256 policy hashing enabled
May 30 11:10:10 linus-xfs-crc kernel: clk: Disabling unused clocks
May 30 11:10:10 linus-xfs-crc kernel: Freeing unused kernel image (initmem) memory: 7768K
May 30 11:10:10 linus-xfs-crc kernel: Write protecting the kernel read-only data: 49152k
May 30 11:10:10 linus-xfs-crc kernel: Freeing unused kernel image (rodata/data gap) memory: 292K
May 30 11:10:10 linus-xfs-crc kernel: x86/mm: Checked W+X mappings: passed, no W+X pages found.
May 30 11:10:10 linus-xfs-crc kernel: Run /init as init process
May 30 11:10:10 linus-xfs-crc kernel:   with arguments:
May 30 11:10:10 linus-xfs-crc kernel:     /init
May 30 11:10:10 linus-xfs-crc kernel:   with environment:
May 30 11:10:10 linus-xfs-crc kernel:     HOME=/
May 30 11:10:10 linus-xfs-crc kernel:     TERM=linux
May 30 11:10:10 linus-xfs-crc kernel:     BOOT_IMAGE=/boot/vmlinuz-6.10.0-rc1
May 30 11:10:10 linus-xfs-crc kernel: input: VirtualPS/2 VMware VMMouse as /devices/platform/i8042/serio1/input/input3
May 30 11:10:10 linus-xfs-crc kernel: input: VirtualPS/2 VMware VMMouse as /devices/platform/i8042/serio1/input/input2
May 30 11:10:10 linus-xfs-crc kernel: ACPI: \_SB_.GSIE: Enabled at IRQ 20
May 30 11:10:10 linus-xfs-crc kernel: ------------[ cut here ]------------
May 30 11:10:10 linus-xfs-crc kernel: alloc_tag was not set
May 30 11:10:10 linus-xfs-crc kernel: WARNING: CPU: 1 PID: 183 at include/linux/alloc_tag.h:130 kmem_cache_free+0x55e/0x5d0
May 30 11:10:10 linus-xfs-crc kernel: Modules linked in: crc32_pclmul crc32c_intel psmouse virtio_pci(+) virtio_pci_legacy_dev virtio_pci_modern_dev virtio virtio_ring
May 30 11:10:10 linus-xfs-crc kernel: CPU: 1 PID: 183 Comm: (udev-worker) Not tainted 6.10.0-rc1 #3
May 30 11:10:10 linus-xfs-crc kernel: Hardware name: QEMU Standard PC (Q35 + ICH9, 2009), BIOS 1.16.3-debian-1.16.3-2 04/01/2014
May 30 11:10:10 linus-xfs-crc kernel: RIP: 0010:kmem_cache_free+0x55e/0x5d0
May 30 11:10:10 linus-xfs-crc kernel: Code: 48 8b 5c 24 10 e9 1e fc ff ff 80 3d f7 e2 d4 02 00 0f 85 11 fc ff ff 48 c7 c7 1c 90 48 ac c6 05 e3 e2 d4 02 01 e8 d2 7e 79 ff <0f> 0b 49 8b 44 24 08 48 85 c0 75 a4 e9 e8 fb ff ff 48 c7 c6 40 af
May 30 11:10:10 linus-xfs-crc kernel: RSP: 0018:ffff888154209e00 EFLAGS: 00010282
May 30 11:10:10 linus-xfs-crc kernel: RAX: 0000000000000000 RBX: ffff888100c307a8 RCX: 0000000000000000
May 30 11:10:10 linus-xfs-crc kernel: RDX: 0000000000000103 RSI: 0000000000000004 RDI: 0000000000000001
May 30 11:10:10 linus-xfs-crc kernel: RBP: ffff888154209e48 R08: 0000000000000000 R09: fffffbfff58d8e58
May 30 11:10:10 linus-xfs-crc kernel: R10: 0000000000000003 R11: ffffffffac72cb50 R12: ffff888131eeb450
May 30 11:10:10 linus-xfs-crc kernel: R13: ffffea0004030c00 R14: 0000000000000188 R15: ffff888101071400
May 30 11:10:10 linus-xfs-crc kernel: FS:  00007fd944a508c0(0000) GS:ffff888154200000(0000) knlGS:0000000000000000
May 30 11:10:10 linus-xfs-crc kernel: CS:  0010 DS: 0000 ES: 0000 CR0: 0000000080050033
May 30 11:10:10 linus-xfs-crc kernel: CR2: 00007fd945236218 CR3: 000000012f7b2005 CR4: 0000000000770ef0
May 30 11:10:10 linus-xfs-crc kernel: DR0: 0000000000000000 DR1: 0000000000000000 DR2: 0000000000000000
May 30 11:10:10 linus-xfs-crc kernel: DR3: 0000000000000000 DR6: 00000000fffe07f0 DR7: 0000000000000400
May 30 11:10:10 linus-xfs-crc kernel: PKRU: 55555554
May 30 11:10:10 linus-xfs-crc kernel: Call Trace:
May 30 11:10:10 linus-xfs-crc kernel:  <IRQ>
May 30 11:10:10 linus-xfs-crc kernel:  ? __warn+0xc8/0x2c0
May 30 11:10:10 linus-xfs-crc kernel:  ? kmem_cache_free+0x55e/0x5d0
May 30 11:10:10 linus-xfs-crc kernel:  ? report_bug+0x2e6/0x390
May 30 11:10:10 linus-xfs-crc kernel:  ? handle_bug+0x79/0xa0
May 30 11:10:10 linus-xfs-crc kernel:  ? exc_invalid_op+0x13/0x40
May 30 11:10:10 linus-xfs-crc kernel:  ? asm_exc_invalid_op+0x16/0x20
May 30 11:10:10 linus-xfs-crc kernel:  ? kmem_cache_free+0x55e/0x5d0
May 30 11:10:10 linus-xfs-crc kernel:  ? rcu_core+0x848/0x1b50
May 30 11:10:10 linus-xfs-crc kernel:  ? rcu_core+0x846/0x1b50
May 30 11:10:10 linus-xfs-crc kernel:  rcu_core+0x848/0x1b50
May 30 11:10:10 linus-xfs-crc kernel:  ? __pfx_rcu_core+0x10/0x10
May 30 11:10:10 linus-xfs-crc kernel:  ? ktime_get+0x6b/0x140
May 30 11:10:10 linus-xfs-crc kernel:  handle_softirqs+0x278/0x870
May 30 11:10:10 linus-xfs-crc kernel:  __irq_exit_rcu+0xa1/0x100
May 30 11:10:10 linus-xfs-crc kernel:  irq_exit_rcu+0xa/0x30
May 30 11:10:10 linus-xfs-crc kernel:  sysvec_apic_timer_interrupt+0x8f/0xb0
May 30 11:10:10 linus-xfs-crc kernel:  </IRQ>
May 30 11:10:10 linus-xfs-crc kernel:  <TASK>
May 30 11:10:10 linus-xfs-crc kernel:  asm_sysvec_apic_timer_interrupt+0x16/0x20
May 30 11:10:10 linus-xfs-crc kernel: RIP: 0010:__orc_find+0x65/0xf0
May 30 11:10:10 linus-xfs-crc kernel: Code: 89 ff 48 89 fd eb 0c 48 8d 6b 04 49 89 df 49 39 ec 72 4e 4c 89 e2 48 29 ea 48 89 d6 48 c1 ea 3f 48 c1 fe 02 48 01 f2 48 d1 fa <48> 8d 5c 95 00 48 89 da 48 c1 ea 03 0f b6 34 0a 48 89 da 83 e2 07
May 30 11:10:10 linus-xfs-crc kernel: RSP: 0018:ffff888164137998 EFLAGS: 00000203
May 30 11:10:10 linus-xfs-crc kernel: RAX: ffffffffad121f38 RBX: fffffffface8f200 RCX: dffffc0000000000
May 30 11:10:10 linus-xfs-crc kernel: RDX: 0000000000000001 RSI: 0000000000000003 RDI: fffffffface8f1f0
May 30 11:10:10 linus-xfs-crc kernel: RBP: fffffffface8f1f0 R08: ffffffffad121f6e R09: ffffffffad121662
May 30 11:10:10 linus-xfs-crc kernel: R10: ffffffffad121666 R11: 0000000000000001 R12: fffffffface8f1fc
May 30 11:10:10 linus-xfs-crc kernel: R13: ffffffffaa090b7d R14: fffffffface8f1f0 R15: fffffffface8f1f0
May 30 11:10:10 linus-xfs-crc kernel:  ? __kasan_record_aux_stack+0x8d/0xa0
May 30 11:10:10 linus-xfs-crc kernel:  unwind_next_frame+0x16f/0x1fb0
May 30 11:10:10 linus-xfs-crc kernel:  ? __kasan_record_aux_stack+0x8e/0xa0
May 30 11:10:10 linus-xfs-crc kernel:  ? __kasan_record_aux_stack+0x8e/0xa0
May 30 11:10:10 linus-xfs-crc kernel:  ? __pfx_stack_trace_consume_entry+0x10/0x10
May 30 11:10:10 linus-xfs-crc kernel:  arch_stack_walk+0x88/0xf0
May 30 11:10:10 linus-xfs-crc kernel:  ? __kasan_record_aux_stack+0x8e/0xa0
May 30 11:10:10 linus-xfs-crc kernel:  ? __pfx_free_object_rcu+0x10/0x10
May 30 11:10:10 linus-xfs-crc kernel:  stack_trace_save+0x90/0xd0
May 30 11:10:10 linus-xfs-crc kernel:  ? __pfx_stack_trace_save+0x10/0x10
May 30 11:10:10 linus-xfs-crc kernel:  kasan_save_stack+0x1c/0x40
May 30 11:10:10 linus-xfs-crc kernel:  ? kasan_save_stack+0x1c/0x40
May 30 11:10:10 linus-xfs-crc kernel:  ? __kasan_record_aux_stack+0x8e/0xa0
May 30 11:10:10 linus-xfs-crc kernel:  ? __pfx___lock_acquire+0x10/0x10
May 30 11:10:10 linus-xfs-crc kernel:  ? __pfx___lock_acquire+0x10/0x10
May 30 11:10:10 linus-xfs-crc kernel:  ? find_held_lock+0x34/0x120
May 30 11:10:10 linus-xfs-crc kernel:  ? kvm_sched_clock_read+0xd/0x20
May 30 11:10:10 linus-xfs-crc kernel:  ? local_clock_noinstr+0x9/0xc0
May 30 11:10:10 linus-xfs-crc kernel:  ? lock_release+0x3ad/0xbb0
May 30 11:10:10 linus-xfs-crc kernel:  ? lock_acquire+0x1a5/0x510
May 30 11:10:10 linus-xfs-crc kernel:  ? __pfx_lock_release+0x10/0x10
May 30 11:10:10 linus-xfs-crc kernel:  ? kvm_sched_clock_read+0xd/0x20
May 30 11:10:10 linus-xfs-crc kernel:  ? local_clock_noinstr+0x9/0xc0
May 30 11:10:10 linus-xfs-crc kernel:  ? __pfx_free_object_rcu+0x10/0x10
May 30 11:10:10 linus-xfs-crc kernel:  ? __virt_addr_valid+0x1f1/0x3d0
May 30 11:10:10 linus-xfs-crc kernel:  __kasan_record_aux_stack+0x8e/0xa0
May 30 11:10:10 linus-xfs-crc kernel:  __call_rcu_common.constprop.0+0x70/0x640
May 30 11:10:10 linus-xfs-crc kernel:  kmem_cache_free+0x3b8/0x5d0
May 30 11:10:10 linus-xfs-crc kernel:  ? do_symlinkat+0x142/0x280
May 30 11:10:10 linus-xfs-crc kernel:  do_symlinkat+0x142/0x280
May 30 11:10:10 linus-xfs-crc kernel:  ? __pfx_do_symlinkat+0x10/0x10
May 30 11:10:10 linus-xfs-crc kernel:  ? getname_flags.part.0+0x171/0x670
May 30 11:10:10 linus-xfs-crc kernel:  __x64_sys_symlinkat+0x93/0xc0
May 30 11:10:10 linus-xfs-crc kernel:  do_syscall_64+0x69/0x140
May 30 11:10:10 linus-xfs-crc kernel:  entry_SYSCALL_64_after_hwframe+0x76/0x7e
May 30 11:10:10 linus-xfs-crc kernel: RIP: 0033:0x7fd945155977
May 30 11:10:10 linus-xfs-crc kernel: Code: 73 01 c3 48 8b 0d 89 84 0d 00 f7 d8 64 89 01 48 83 c8 ff c3 66 2e 0f 1f 84 00 00 00 00 00 0f 1f 44 00 00 b8 0a 01 00 00 0f 05 <48> 3d 01 f0 ff ff 73 01 c3 48 8b 0d 59 84 0d 00 f7 d8 64 89 01 48
May 30 11:10:10 linus-xfs-crc kernel: RSP: 002b:00007ffce0b82588 EFLAGS: 00000246 ORIG_RAX: 000000000000010a
May 30 11:10:10 linus-xfs-crc kernel: RAX: ffffffffffffffda RBX: 000055f6941f9db0 RCX: 00007fd945155977
May 30 11:10:10 linus-xfs-crc kernel: RDX: 000055f6941d7970 RSI: 00000000ffffff9c RDI: 000055f6941f7c60
May 30 11:10:10 linus-xfs-crc kernel: RBP: 000055f6941f8180 R08: 0000000000000007 R09: 000055f6941f8150
May 30 11:10:10 linus-xfs-crc kernel: R10: e688f42cc1051205 R11: 0000000000000246 R12: 000055f6941d7970
May 30 11:10:10 linus-xfs-crc kernel: R13: 00007ffce0b825d8 R14: 000055f6941f7c60 R15: 0000000000000000
May 30 11:10:10 linus-xfs-crc kernel:  </TASK>
May 30 11:10:10 linus-xfs-crc kernel: irq event stamp: 22040
May 30 11:10:10 linus-xfs-crc kernel: hardirqs last  enabled at (22050): [<ffffffffa995ecc5>] console_unlock+0x1d5/0x250
May 30 11:10:10 linus-xfs-crc kernel: hardirqs last disabled at (22059): [<ffffffffa995ecaa>] console_unlock+0x1ba/0x250
May 30 11:10:10 linus-xfs-crc kernel: softirqs last  enabled at (20632): [<ffffffffa97b62d1>] __irq_exit_rcu+0xa1/0x100
May 30 11:10:10 linus-xfs-crc kernel: softirqs last disabled at (20941): [<ffffffffa97b62d1>] __irq_exit_rcu+0xa1/0x100
May 30 11:10:10 linus-xfs-crc kernel: ---[ end trace 0000000000000000 ]---
May 30 11:10:10 linus-xfs-crc kernel: virtio_blk virtio3: 8/0/0 default/read/poll queues
May 30 11:10:10 linus-xfs-crc kernel: virtio_blk virtio3: [vda] 41943040 512-byte logical blocks (21.5 GB/20.0 GiB)
May 30 11:10:10 linus-xfs-crc kernel:  vda: vda1
May 30 11:10:10 linus-xfs-crc kernel: virtio_blk virtio6: 8/0/0 default/read/poll queues
May 30 11:10:10 linus-xfs-crc kernel: virtio_blk virtio6: [vdb] 209715200 512-byte logical blocks (107 GB/100 GiB)
May 30 11:10:10 linus-xfs-crc kernel: virtio_net virtio1 enp1s0: renamed from eth0
May 30 11:10:10 linus-xfs-crc kernel: virtio_blk virtio7: 8/0/0 default/read/poll queues
May 30 11:10:10 linus-xfs-crc kernel: virtio_blk virtio7: [vdc] 209715200 512-byte logical blocks (107 GB/100 GiB)
May 30 11:10:10 linus-xfs-crc kernel: virtio_blk virtio8: 8/0/0 default/read/poll queues
May 30 11:10:10 linus-xfs-crc kernel: virtio_blk virtio8: [vdd] 209715200 512-byte logical blocks (107 GB/100 GiB)
May 30 11:10:10 linus-xfs-crc kernel: virtio_blk virtio9: 8/0/0 default/read/poll queues
May 30 11:10:10 linus-xfs-crc kernel: virtio_blk virtio9: [vde] 209715200 512-byte logical blocks (107 GB/100 GiB)
May 30 11:10:10 linus-xfs-crc kernel: raid6: avx512x4 gen() 17009 MB/s
May 30 11:10:10 linus-xfs-crc kernel: raid6: avx512x2 gen() 13107 MB/s
May 30 11:10:10 linus-xfs-crc kernel: raid6: avx512x1 gen() 12548 MB/s
May 30 11:10:10 linus-xfs-crc kernel: raid6: avx2x4   gen() 15927 MB/s
May 30 11:10:10 linus-xfs-crc kernel: raid6: avx2x2   gen() 16027 MB/s
May 30 11:10:10 linus-xfs-crc kernel: raid6: avx2x1   gen() 12260 MB/s
May 30 11:10:10 linus-xfs-crc kernel: raid6: using algorithm avx512x4 gen() 17009 MB/s
May 30 11:10:10 linus-xfs-crc kernel: raid6: .... xor() 4125 MB/s, rmw enabled
May 30 11:10:10 linus-xfs-crc kernel: raid6: using avx512x2 recovery algorithm
May 30 11:10:10 linus-xfs-crc kernel: xor: automatically using best checksumming function   avx       
May 30 11:10:10 linus-xfs-crc kernel: async_tx: api initialized (async)
May 30 11:10:10 linus-xfs-crc kernel: Btrfs loaded, zoned=yes, fsverity=no
May 30 11:10:10 linus-xfs-crc kernel: EXT4-fs (vda1): mounted filesystem ddf91058-656c-4606-806a-8a4a9d31676c ro with ordered data mode. Quota mode: none.
May 30 11:10:10 linus-xfs-crc kernel: Not activating Mandatory Access Control as /sbin/tomoyo-init does not exist.
May 30 11:10:10 linus-xfs-crc systemd[1]: Inserted module 'autofs4'
May 30 11:10:10 linus-xfs-crc systemd[1]: systemd 252.22-1~deb12u1 running in system mode (+PAM +AUDIT +SELINUX +APPARMOR +IMA +SMACK +SECCOMP +GCRYPT -GNUTLS +OPENSSL +ACL +BLKID +CURL +ELFUTILS +FIDO2 +IDN2 -IDN +IPTC +KMOD +LIBCRYPTSETUP +LIBFDISK +PCRE2 -PWQUALITY +P11KIT +QRENCODE +TPM2 +BZIP2 +LZ4 +XZ +ZLIB +ZSTD -BPF_FRAMEWORK -XKBCOMMON +UTMP +SYSVINIT default-hierarchy=unified)
May 30 11:10:10 linus-xfs-crc systemd[1]: Detected virtualization kvm.
May 30 11:10:10 linus-xfs-crc systemd[1]: Detected architecture x86-64.
May 30 11:10:10 linus-xfs-crc systemd[1]: Hostname set to <linus-xfs-crc>.
May 30 11:10:10 linus-xfs-crc systemd[1]: /lib/systemd/system/systemd-journal-upload.service:30: Unknown key name 'RestartSteps' in section 'Service', ignoring.
May 30 11:10:10 linus-xfs-crc systemd[1]: /lib/systemd/system/systemd-journal-upload.service:31: Unknown key name 'RestartMaxDelaySec' in section 'Service', ignoring.
May 30 11:10:10 linus-xfs-crc systemd[1]: Queued start job for default target graphical.target.
May 30 11:10:10 linus-xfs-crc systemd[1]: Created slice system-getty.slice - Slice /system/getty.
May 30 11:10:10 linus-xfs-crc systemd[1]: Created slice system-modprobe.slice - Slice /system/modprobe.
May 30 11:10:10 linus-xfs-crc systemd[1]: Created slice system-serial\x2dgetty.slice - Slice /system/serial-getty.
May 30 11:10:10 linus-xfs-crc systemd[1]: Created slice user.slice - User and Session Slice.
May 30 11:10:10 linus-xfs-crc systemd[1]: Started systemd-ask-password-console.path - Dispatch Password Requests to Console Directory Watch.
May 30 11:10:10 linus-xfs-crc systemd[1]: Started systemd-ask-password-wall.path - Forward Password Requests to Wall Directory Watch.
May 30 11:10:10 linus-xfs-crc systemd[1]: proc-sys-fs-binfmt_misc.automount - Arbitrary Executable File Formats File System Automount Point was skipped because of an unmet condition check (ConditionPathExists=/proc/sys/fs/binfmt_misc).
May 30 11:10:10 linus-xfs-crc systemd[1]: Expecting device dev-disk-by\x2dlabel-data.device - /dev/disk/by-label/data...
May 30 11:10:10 linus-xfs-crc systemd[1]: Expecting device dev-disk-by\x2dlabel-sparsefiles.device - /dev/disk/by-label/sparsefiles...
May 30 11:10:10 linus-xfs-crc systemd[1]: Expecting device dev-ttyS0.device - /dev/ttyS0...
May 30 11:10:10 linus-xfs-crc systemd[1]: Reached target cryptsetup.target - Local Encrypted Volumes.
May 30 11:10:10 linus-xfs-crc systemd[1]: Reached target integritysetup.target - Local Integrity Protected Volumes.
May 30 11:10:10 linus-xfs-crc systemd[1]: Reached target paths.target - Path Units.
May 30 11:10:10 linus-xfs-crc systemd[1]: Reached target slices.target - Slice Units.
May 30 11:10:10 linus-xfs-crc systemd[1]: Reached target swap.target - Swaps.
May 30 11:10:10 linus-xfs-crc systemd[1]: Reached target veritysetup.target - Local Verity Protected Volumes.
May 30 11:10:10 linus-xfs-crc systemd[1]: Listening on dm-event.socket - Device-mapper event daemon FIFOs.
May 30 11:10:10 linus-xfs-crc systemd[1]: Listening on lvm2-lvmpolld.socket - LVM2 poll daemon socket.
May 30 11:10:10 linus-xfs-crc systemd[1]: Listening on rpcbind.socket - RPCbind Server Activation Socket.
May 30 11:10:10 linus-xfs-crc systemd[1]: Listening on systemd-fsckd.socket - fsck to fsckd communication Socket.
May 30 11:10:10 linus-xfs-crc systemd[1]: Listening on systemd-initctl.socket - initctl Compatibility Named Pipe.
May 30 11:10:10 linus-xfs-crc systemd[1]: Listening on systemd-journald-audit.socket - Journal Audit Socket.
May 30 11:10:10 linus-xfs-crc systemd[1]: Listening on systemd-journald-dev-log.socket - Journal Socket (/dev/log).
May 30 11:10:10 linus-xfs-crc systemd[1]: Listening on systemd-journald.socket - Journal Socket.
May 30 11:10:10 linus-xfs-crc systemd[1]: Listening on systemd-udevd-control.socket - udev Control Socket.
May 30 11:10:10 linus-xfs-crc systemd[1]: Listening on systemd-udevd-kernel.socket - udev Kernel Socket.
May 30 11:10:10 linus-xfs-crc systemd[1]: Mounting dev-hugepages.mount - Huge Pages File System...
May 30 11:10:10 linus-xfs-crc systemd[1]: Mounting dev-mqueue.mount - POSIX Message Queue File System...
May 30 11:10:10 linus-xfs-crc systemd[1]: Mounting sys-kernel-debug.mount - Kernel Debug File System...
May 30 11:10:10 linus-xfs-crc systemd[1]: Mounting sys-kernel-tracing.mount - Kernel Trace File System...
May 30 11:10:10 linus-xfs-crc systemd[1]: auth-rpcgss-module.service - Kernel Module supporting RPCSEC_GSS was skipped because of an unmet condition check (ConditionPathExists=/etc/krb5.keytab).
May 30 11:10:10 linus-xfs-crc systemd[1]: Starting keyboard-setup.service - Set the console keyboard layout...
May 30 11:10:10 linus-xfs-crc systemd[1]: Starting kmod-static-nodes.service - Create List of Static Device Nodes...
May 30 11:10:10 linus-xfs-crc systemd[1]: Starting lvm2-monitor.service - Monitoring of LVM2 mirrors, snapshots etc. using dmeventd or progress polling...
May 30 11:10:10 linus-xfs-crc systemd[1]: Starting modprobe@configfs.service - Load Kernel Module configfs...
May 30 11:10:10 linus-xfs-crc systemd[1]: Starting modprobe@dm_mod.service - Load Kernel Module dm_mod...
May 30 11:10:10 linus-xfs-crc systemd[1]: Starting modprobe@drm.service - Load Kernel Module drm...
May 30 11:10:10 linus-xfs-crc systemd[1]: Starting modprobe@efi_pstore.service - Load Kernel Module efi_pstore...
May 30 11:10:10 linus-xfs-crc systemd[1]: Starting modprobe@fuse.service - Load Kernel Module fuse...
May 30 11:10:10 linus-xfs-crc kernel: device-mapper: uevent: version 1.0.3
May 30 11:10:10 linus-xfs-crc kernel: device-mapper: ioctl: 4.48.0-ioctl (2023-03-01) initialised: dm-devel@lists.linux.dev
May 30 11:10:10 linus-xfs-crc systemd[1]: Starting modprobe@loop.service - Load Kernel Module loop...
May 30 11:10:10 linus-xfs-crc systemd[1]: systemd-fsck-root.service - File System Check on Root Device was skipped because of an unmet condition check (ConditionPathExists=!/run/initramfs/fsck-root).
May 30 11:10:10 linus-xfs-crc systemd[1]: Starting systemd-journald.service - Journal Service...
May 30 11:10:10 linus-xfs-crc systemd[1]: Starting systemd-modules-load.service - Load Kernel Modules...
May 30 11:10:10 linus-xfs-crc kernel: ACPI: bus type drm_connector registered
May 30 11:10:10 linus-xfs-crc kernel: loop: module loaded
May 30 11:10:10 linus-xfs-crc systemd[1]: Starting systemd-remount-fs.service - Remount Root and Kernel File Systems...
May 30 11:10:10 linus-xfs-crc systemd[1]: Starting systemd-udev-trigger.service - Coldplug All udev Devices...
May 30 11:10:10 linus-xfs-crc systemd[1]: Mounted dev-hugepages.mount - Huge Pages File System.
May 30 11:10:10 linus-xfs-crc systemd[1]: Mounted dev-mqueue.mount - POSIX Message Queue File System.
May 30 11:10:10 linus-xfs-crc systemd[1]: Mounted sys-kernel-debug.mount - Kernel Debug File System.
May 30 11:10:10 linus-xfs-crc systemd[1]: Mounted sys-kernel-tracing.mount - Kernel Trace File System.
May 30 11:10:10 linus-xfs-crc systemd[1]: Finished kmod-static-nodes.service - Create List of Static Device Nodes.
May 30 11:10:10 linus-xfs-crc systemd[1]: Finished lvm2-monitor.service - Monitoring of LVM2 mirrors, snapshots etc. using dmeventd or progress polling.
May 30 11:10:10 linus-xfs-crc systemd[1]: modprobe@configfs.service: Deactivated successfully.
May 30 11:10:10 linus-xfs-crc systemd[1]: Finished modprobe@configfs.service - Load Kernel Module configfs.
May 30 11:10:10 linus-xfs-crc systemd[1]: modprobe@dm_mod.service: Deactivated successfully.
May 30 11:10:10 linus-xfs-crc kernel: EXT4-fs (vda1): re-mounted ddf91058-656c-4606-806a-8a4a9d31676c r/w. Quota mode: none.
May 30 11:10:10 linus-xfs-crc systemd[1]: Finished modprobe@dm_mod.service - Load Kernel Module dm_mod.
May 30 11:10:10 linus-xfs-crc systemd[1]: modprobe@drm.service: Deactivated successfully.
May 30 11:10:10 linus-xfs-crc systemd[1]: Finished modprobe@drm.service - Load Kernel Module drm.
May 30 11:10:10 linus-xfs-crc systemd[1]: modprobe@efi_pstore.service: Deactivated successfully.
May 30 11:10:10 linus-xfs-crc systemd[1]: Finished modprobe@efi_pstore.service - Load Kernel Module efi_pstore.
May 30 11:10:10 linus-xfs-crc systemd[1]: modprobe@fuse.service: Deactivated successfully.
May 30 11:10:10 linus-xfs-crc systemd[1]: Finished modprobe@fuse.service - Load Kernel Module fuse.
May 30 11:10:10 linus-xfs-crc systemd[1]: modprobe@loop.service: Deactivated successfully.
May 30 11:10:10 linus-xfs-crc systemd[1]: Finished modprobe@loop.service - Load Kernel Module loop.
May 30 11:10:10 linus-xfs-crc systemd[1]: Finished systemd-modules-load.service - Load Kernel Modules.
May 30 11:10:10 linus-xfs-crc systemd[1]: Finished systemd-remount-fs.service - Remount Root and Kernel File Systems.
May 30 11:10:10 linus-xfs-crc systemd[1]: sys-fs-fuse-connections.mount - FUSE Control File System was skipped because of an unmet condition check (ConditionPathExists=/sys/fs/fuse/connections).
May 30 11:10:10 linus-xfs-crc systemd[1]: Mounting sys-kernel-config.mount - Kernel Configuration File System...
May 30 11:10:10 linus-xfs-crc systemd[1]: systemd-firstboot.service - First Boot Wizard was skipped because of an unmet condition check (ConditionFirstBoot=yes).
May 30 11:10:10 linus-xfs-crc systemd[1]: systemd-pstore.service - Platform Persistent Storage Archival was skipped because of an unmet condition check (ConditionDirectoryNotEmpty=/sys/fs/pstore).
May 30 11:10:10 linus-xfs-crc systemd[1]: Starting systemd-random-seed.service - Load/Save Random Seed...
May 30 11:10:10 linus-xfs-crc systemd[1]: systemd-repart.service - Repartition Root Disk was skipped because no trigger condition checks were met.
May 30 11:10:10 linus-xfs-crc systemd[1]: Starting systemd-sysctl.service - Apply Kernel Variables...
May 30 11:10:10 linus-xfs-crc systemd[1]: Starting systemd-sysusers.service - Create System Users...
May 30 11:10:10 linus-xfs-crc systemd[1]: Finished keyboard-setup.service - Set the console keyboard layout.
May 30 11:10:10 linus-xfs-crc systemd[1]: Mounted sys-kernel-config.mount - Kernel Configuration File System.
May 30 11:10:10 linus-xfs-crc systemd[1]: Finished systemd-random-seed.service - Load/Save Random Seed.
May 30 11:10:10 linus-xfs-crc systemd[1]: first-boot-complete.target - First Boot Complete was skipped because of an unmet condition check (ConditionFirstBoot=yes).
May 30 11:10:10 linus-xfs-crc systemd[1]: Finished systemd-sysctl.service - Apply Kernel Variables.
